Component: ARM Compiler 5.06 update 7 (build 960) Tool: armlink [4d3601]

==============================================================================

Section Cross References

    main.o(i.Measure_Voltage) refers to dfltui.o(.text) for __aeabi_ui2d
    main.o(i.Measure_Voltage) refers to dmul.o(.text) for __aeabi_dmul
    main.o(i.Measure_Voltage) refers to ddiv.o(.text) for __aeabi_ddiv
    main.o(i.Measure_Voltage) refers to d2f.o(.text) for __aeabi_d2f
    main.o(i.main) refers to main.o(i.Delay_us) for Delay_us
    main.o(i.main) refers to ssd1306.o(i.ssd1306_init) for ssd1306_init
    main.o(i.main) refers to ssd1306.o(i.ssd1306_update) for ssd1306_update
    main.o(i.main) refers to ssd1306.o(i.ssd1306_clearscreen) for ssd1306_clearscreen
    main.o(i.main) refers to ssd1306.o(i.ssd1306_setorientation) for ssd1306_setorientation
    main.o(i.main) refers to main.o(i.Init_ADC) for Init_ADC
    main.o(i.main) refers to ssd1306.o(i.ssd1306_goto) for ssd1306_goto
    main.o(i.main) refers to main.o(i.Measure_Voltage) for Measure_Voltage
    main.o(i.main) refers to f2d.o(.text) for __aeabi_f2d
    main.o(i.main) refers to printfa.o(i.__0sprintf) for __2sprintf
    main.o(i.main) refers to ssd1306.o(i.ssd1306_terminal) for ssd1306_terminal
    main.o(i.main) refers to cfcmple.o(.text) for __aeabi_cfcmple
    main.o(i.main) refers to cfrcmple.o(.text) for __aeabi_cfrcmple
    ssd1306.o(i.ssd1306_clearscreen) refers to memseta.o(.text) for __aeabi_memclr
    ssd1306.o(i.ssd1306_clearscreen) refers to ssd1306.o(.bss) for ssd1306_framebuffer
    ssd1306.o(i.ssd1306_command) refers to i2c.o(i.i2c_write_cmd) for i2c_write_cmd
    ssd1306.o(i.ssd1306_command) refers to ssd1306.o(i.ssd1306_init) for ssd1306_init
    ssd1306.o(i.ssd1306_data) refers to i2c.o(i.i2c_write_data) for i2c_write_data
    ssd1306.o(i.ssd1306_data) refers to ssd1306.o(i.ssd1306_init) for ssd1306_init
    ssd1306.o(i.ssd1306_drawbitmap) refers to memcpya.o(.text) for __aeabi_memcpy
    ssd1306.o(i.ssd1306_drawbitmap) refers to ssd1306.o(.bss) for ssd1306_framebuffer
    ssd1306.o(i.ssd1306_drawline) refers to ssd1306.o(i.ssd1306_setpixel) for ssd1306_setpixel
    ssd1306.o(i.ssd1306_goto) refers to ssd1306.o(.data) for x
    ssd1306.o(i.ssd1306_init) refers to i2c.o(i.i2c_init) for i2c_init
    ssd1306.o(i.ssd1306_init) refers to i2c.o(i.i2c_write_cmd) for i2c_write_cmd
    ssd1306.o(i.ssd1306_init) refers to ssd1306.o(.bss) for ssd1306_framebuffer
    ssd1306.o(i.ssd1306_init) refers to ssd1306.o(.constdata) for ssd1306_init_commands
    ssd1306.o(i.ssd1306_putchar) refers to uidiv.o(.text) for __aeabi_uidivmod
    ssd1306.o(i.ssd1306_putchar) refers to ssd1306.o(i.ssd1306_setpixel) for ssd1306_setpixel
    ssd1306.o(i.ssd1306_putchar) refers to ssd1306.o(.data) for font
    ssd1306.o(i.ssd1306_putstring) refers to ssd1306.o(i.ssd1306_goto) for ssd1306_goto
    ssd1306.o(i.ssd1306_putstring) refers to ssd1306.o(i.ssd1306_putchar) for ssd1306_putchar
    ssd1306.o(i.ssd1306_putstring) refers to ssd1306.o(.data) for font
    ssd1306.o(i.ssd1306_setcontrast) refers to i2c.o(i.i2c_write_cmd) for i2c_write_cmd
    ssd1306.o(i.ssd1306_setcontrast) refers to i2c.o(i.i2c_init) for i2c_init
    ssd1306.o(i.ssd1306_setfont) refers to ssd1306.o(.data) for font
    ssd1306.o(i.ssd1306_setinverse) refers to ssd1306.o(i.ssd1306_command) for ssd1306_command
    ssd1306.o(i.ssd1306_setorientation) refers to i2c.o(i.i2c_write_cmd) for i2c_write_cmd
    ssd1306.o(i.ssd1306_setorientation) refers to ssd1306.o(i.ssd1306_init) for ssd1306_init
    ssd1306.o(i.ssd1306_setpixel) refers to ssd1306.o(.bss) for ssd1306_framebuffer
    ssd1306.o(i.ssd1306_terminal) refers to ssd1306.o(i.ssd1306_setpixel) for ssd1306_setpixel
    ssd1306.o(i.ssd1306_terminal) refers to ssd1306.o(i.ssd1306_goto) for ssd1306_goto
    ssd1306.o(i.ssd1306_terminal) refers to ssd1306.o(i.ssd1306_putchar) for ssd1306_putchar
    ssd1306.o(i.ssd1306_terminal) refers to ssd1306.o(i.ssd1306_update) for ssd1306_update
    ssd1306.o(i.ssd1306_terminal) refers to ssd1306.o(.data) for font
    ssd1306.o(i.ssd1306_terminal) refers to ssd1306.o(.bss) for ssd1306_framebuffer
    ssd1306.o(i.ssd1306_update) refers to i2c.o(i.i2c_write_cmd) for i2c_write_cmd
    ssd1306.o(i.ssd1306_update) refers to ssd1306.o(i.ssd1306_init) for ssd1306_init
    ssd1306.o(i.ssd1306_update) refers to i2c.o(i.i2c_write_data) for i2c_write_data
    ssd1306.o(i.ssd1306_update) refers to ssd1306.o(.bss) for ssd1306_framebuffer
    ssd1306.o(.data) refers to fonts.o(.constdata) for Monospaced_plain_10
    startup_mkl25z4.o(RESET) refers to startup_mkl25z4.o(STACK) for __initial_sp
    startup_mkl25z4.o(RESET) refers to startup_mkl25z4.o(.text) for Reset_Handler
    startup_mkl25z4.o(.text) refers to system_mkl25z4.o(i.SystemInit) for SystemInit
    startup_mkl25z4.o(.text) refers to entry.o(.ARM.Collect$$$$00000000) for __main
    system_mkl25z4.o(i.SystemCoreClockUpdate) refers to uidiv.o(.text) for __aeabi_uidivmod
    system_mkl25z4.o(i.SystemCoreClockUpdate) refers to system_mkl25z4.o(i.__ARM_common_switch8) for __ARM_common_switch8
    system_mkl25z4.o(i.SystemCoreClockUpdate) refers to system_mkl25z4.o(.data) for SystemCoreClock
    entry.o(.ARM.Collect$$$$00000000) refers (Special) to entry10a.o(.ARM.Collect$$$$0000000F) for __rt_final_cpp
    entry.o(.ARM.Collect$$$$00000000) refers (Special) to entry11a.o(.ARM.Collect$$$$00000011) for __rt_final_exit
    entry.o(.ARM.Collect$$$$00000000) refers (Special) to entry12b.o(.ARM.Collect$$$$0000000E) for __rt_lib_shutdown_fini
    entry.o(.ARM.Collect$$$$00000000) refers (Special) to entry7b.o(.ARM.Collect$$$$00000008) for _main_clock
    entry.o(.ARM.Collect$$$$00000000) refers (Special) to entry8b.o(.ARM.Collect$$$$0000000A) for _main_cpp_init
    entry.o(.ARM.Collect$$$$00000000) refers (Special) to entry9a.o(.ARM.Collect$$$$0000000B) for _main_init
    entry.o(.ARM.Collect$$$$00000000) refers (Special) to entry5.o(.ARM.Collect$$$$00000004) for _main_scatterload
    entry.o(.ARM.Collect$$$$00000000) refers (Special) to entry2.o(.ARM.Collect$$$$00000001) for _main_stk
    printfb.o(i.__0fprintf$bare) refers to printfb.o(i._printf_core) for _printf_core
    printfb.o(i.__0fprintf$bare) refers to fputc.o(i.fputc) for fputc
    printfb.o(i.__0printf$bare) refers to printfb.o(i._printf_core) for _printf_core
    printfb.o(i.__0printf$bare) refers to fputc.o(i.fputc) for fputc
    printfb.o(i.__0printf$bare) refers to stdout.o(.data) for __stdout
    printfb.o(i.__0snprintf$bare) refers to printfb.o(i._printf_core) for _printf_core
    printfb.o(i.__0snprintf$bare) refers to printfb.o(i._snputc) for _snputc
    printfb.o(i.__0sprintf$bare) refers to printfb.o(i._printf_core) for _printf_core
    printfb.o(i.__0sprintf$bare) refers to printfb.o(i._sputc) for _sputc
    printfb.o(i.__0vfprintf$bare) refers to printfb.o(i._printf_core) for _printf_core
    printfb.o(i.__0vfprintf$bare) refers to fputc.o(i.fputc) for fputc
    printfb.o(i.__0vprintf$bare) refers to printfb.o(i._printf_core) for _printf_core
    printfb.o(i.__0vprintf$bare) refers to fputc.o(i.fputc) for fputc
    printfb.o(i.__0vprintf$bare) refers to stdout.o(.data) for __stdout
    printfb.o(i.__0vsnprintf$bare) refers to printfb.o(i._printf_core) for _printf_core
    printfb.o(i.__0vsnprintf$bare) refers to printfb.o(i._snputc) for _snputc
    printfb.o(i.__0vsprintf$bare) refers to printfb.o(i._printf_core) for _printf_core
    printfb.o(i.__0vsprintf$bare) refers to printfb.o(i._sputc) for _sputc
    printf0.o(i.__0fprintf$0) refers to printf0.o(i._printf_core) for _printf_core
    printf0.o(i.__0fprintf$0) refers to fputc.o(i.fputc) for fputc
    printf0.o(i.__0printf$0) refers to printf0.o(i._printf_core) for _printf_core
    printf0.o(i.__0printf$0) refers to fputc.o(i.fputc) for fputc
    printf0.o(i.__0printf$0) refers to stdout.o(.data) for __stdout
    printf0.o(i.__0snprintf$0) refers to printf0.o(i._printf_core) for _printf_core
    printf0.o(i.__0snprintf$0) refers to printf0.o(i._snputc) for _snputc
    printf0.o(i.__0sprintf$0) refers to printf0.o(i._printf_core) for _printf_core
    printf0.o(i.__0sprintf$0) refers to printf0.o(i._sputc) for _sputc
    printf0.o(i.__0vfprintf$0) refers to printf0.o(i._printf_core) for _printf_core
    printf0.o(i.__0vfprintf$0) refers to fputc.o(i.fputc) for fputc
    printf0.o(i.__0vprintf$0) refers to printf0.o(i._printf_core) for _printf_core
    printf0.o(i.__0vprintf$0) refers to fputc.o(i.fputc) for fputc
    printf0.o(i.__0vprintf$0) refers to stdout.o(.data) for __stdout
    printf0.o(i.__0vsnprintf$0) refers to printf0.o(i._printf_core) for _printf_core
    printf0.o(i.__0vsnprintf$0) refers to printf0.o(i._snputc) for _snputc
    printf0.o(i.__0vsprintf$0) refers to printf0.o(i._printf_core) for _printf_core
    printf0.o(i.__0vsprintf$0) refers to printf0.o(i._sputc) for _sputc
    printf1.o(i.__0fprintf$1) refers to printf1.o(i._printf_core) for _printf_core
    printf1.o(i.__0fprintf$1) refers to fputc.o(i.fputc) for fputc
    printf1.o(i.__0printf$1) refers to printf1.o(i._printf_core) for _printf_core
    printf1.o(i.__0printf$1) refers to fputc.o(i.fputc) for fputc
    printf1.o(i.__0printf$1) refers to stdout.o(.data) for __stdout
    printf1.o(i.__0snprintf$1) refers to printf1.o(i._printf_core) for _printf_core
    printf1.o(i.__0snprintf$1) refers to printf1.o(i._snputc) for _snputc
    printf1.o(i.__0sprintf$1) refers to printf1.o(i._printf_core) for _printf_core
    printf1.o(i.__0sprintf$1) refers to printf1.o(i._sputc) for _sputc
    printf1.o(i.__0vfprintf$1) refers to printf1.o(i._printf_core) for _printf_core
    printf1.o(i.__0vfprintf$1) refers to fputc.o(i.fputc) for fputc
    printf1.o(i.__0vprintf$1) refers to printf1.o(i._printf_core) for _printf_core
    printf1.o(i.__0vprintf$1) refers to fputc.o(i.fputc) for fputc
    printf1.o(i.__0vprintf$1) refers to stdout.o(.data) for __stdout
    printf1.o(i.__0vsnprintf$1) refers to printf1.o(i._printf_core) for _printf_core
    printf1.o(i.__0vsnprintf$1) refers to printf1.o(i._snputc) for _snputc
    printf1.o(i.__0vsprintf$1) refers to printf1.o(i._printf_core) for _printf_core
    printf1.o(i.__0vsprintf$1) refers to printf1.o(i._sputc) for _sputc
    printf1.o(i._printf_core) refers to uidiv.o(.text) for __aeabi_uidivmod
    printf2.o(i.__0fprintf$2) refers to printf2.o(i._printf_core) for _printf_core
    printf2.o(i.__0fprintf$2) refers to fputc.o(i.fputc) for fputc
    printf2.o(i.__0printf$2) refers to printf2.o(i._printf_core) for _printf_core
    printf2.o(i.__0printf$2) refers to fputc.o(i.fputc) for fputc
    printf2.o(i.__0printf$2) refers to stdout.o(.data) for __stdout
    printf2.o(i.__0snprintf$2) refers to printf2.o(i._printf_core) for _printf_core
    printf2.o(i.__0snprintf$2) refers to printf2.o(i._snputc) for _snputc
    printf2.o(i.__0sprintf$2) refers to printf2.o(i._printf_core) for _printf_core
    printf2.o(i.__0sprintf$2) refers to printf2.o(i._sputc) for _sputc
    printf2.o(i.__0vfprintf$2) refers to printf2.o(i._printf_core) for _printf_core
    printf2.o(i.__0vfprintf$2) refers to fputc.o(i.fputc) for fputc
    printf2.o(i.__0vprintf$2) refers to printf2.o(i._printf_core) for _printf_core
    printf2.o(i.__0vprintf$2) refers to fputc.o(i.fputc) for fputc
    printf2.o(i.__0vprintf$2) refers to stdout.o(.data) for __stdout
    printf2.o(i.__0vsnprintf$2) refers to printf2.o(i._printf_core) for _printf_core
    printf2.o(i.__0vsnprintf$2) refers to printf2.o(i._snputc) for _snputc
    printf2.o(i.__0vsprintf$2) refers to printf2.o(i._printf_core) for _printf_core
    printf2.o(i.__0vsprintf$2) refers to printf2.o(i._sputc) for _sputc
    printf3.o(i.__0fprintf$3) refers to printf3.o(i._printf_core) for _printf_core
    printf3.o(i.__0fprintf$3) refers to fputc.o(i.fputc) for fputc
    printf3.o(i.__0printf$3) refers to printf3.o(i._printf_core) for _printf_core
    printf3.o(i.__0printf$3) refers to fputc.o(i.fputc) for fputc
    printf3.o(i.__0printf$3) refers to stdout.o(.data) for __stdout
    printf3.o(i.__0snprintf$3) refers to printf3.o(i._printf_core) for _printf_core
    printf3.o(i.__0snprintf$3) refers to printf3.o(i._snputc) for _snputc
    printf3.o(i.__0sprintf$3) refers to printf3.o(i._printf_core) for _printf_core
    printf3.o(i.__0sprintf$3) refers to printf3.o(i._sputc) for _sputc
    printf3.o(i.__0vfprintf$3) refers to printf3.o(i._printf_core) for _printf_core
    printf3.o(i.__0vfprintf$3) refers to fputc.o(i.fputc) for fputc
    printf3.o(i.__0vprintf$3) refers to printf3.o(i._printf_core) for _printf_core
    printf3.o(i.__0vprintf$3) refers to fputc.o(i.fputc) for fputc
    printf3.o(i.__0vprintf$3) refers to stdout.o(.data) for __stdout
    printf3.o(i.__0vsnprintf$3) refers to printf3.o(i._printf_core) for _printf_core
    printf3.o(i.__0vsnprintf$3) refers to printf3.o(i._snputc) for _snputc
    printf3.o(i.__0vsprintf$3) refers to printf3.o(i._printf_core) for _printf_core
    printf3.o(i.__0vsprintf$3) refers to printf3.o(i._sputc) for _sputc
    printf3.o(i._printf_core) refers to uidiv.o(.text) for __aeabi_uidivmod
    printf4.o(i.__0fprintf$4) refers to printf4.o(i._printf_core) for _printf_core
    printf4.o(i.__0fprintf$4) refers to fputc.o(i.fputc) for fputc
    printf4.o(i.__0printf$4) refers to printf4.o(i._printf_core) for _printf_core
    printf4.o(i.__0printf$4) refers to fputc.o(i.fputc) for fputc
    printf4.o(i.__0printf$4) refers to stdout.o(.data) for __stdout
    printf4.o(i.__0snprintf$4) refers to printf4.o(i._printf_core) for _printf_core
    printf4.o(i.__0snprintf$4) refers to printf4.o(i._snputc) for _snputc
    printf4.o(i.__0sprintf$4) refers to printf4.o(i._printf_core) for _printf_core
    printf4.o(i.__0sprintf$4) refers to printf4.o(i._sputc) for _sputc
    printf4.o(i.__0vfprintf$4) refers to printf4.o(i._printf_core) for _printf_core
    printf4.o(i.__0vfprintf$4) refers to fputc.o(i.fputc) for fputc
    printf4.o(i.__0vprintf$4) refers to printf4.o(i._printf_core) for _printf_core
    printf4.o(i.__0vprintf$4) refers to fputc.o(i.fputc) for fputc
    printf4.o(i.__0vprintf$4) refers to stdout.o(.data) for __stdout
    printf4.o(i.__0vsnprintf$4) refers to printf4.o(i._printf_core) for _printf_core
    printf4.o(i.__0vsnprintf$4) refers to printf4.o(i._snputc) for _snputc
    printf4.o(i.__0vsprintf$4) refers to printf4.o(i._printf_core) for _printf_core
    printf4.o(i.__0vsprintf$4) refers to printf4.o(i._sputc) for _sputc
    printf4.o(i._printf_core) refers to uldiv.o(.text) for __aeabi_uldivmod
    printf5.o(i.__0fprintf$5) refers to printf5.o(i._printf_core) for _printf_core
    printf5.o(i.__0fprintf$5) refers to fputc.o(i.fputc) for fputc
    printf5.o(i.__0printf$5) refers to printf5.o(i._printf_core) for _printf_core
    printf5.o(i.__0printf$5) refers to fputc.o(i.fputc) for fputc
    printf5.o(i.__0printf$5) refers to stdout.o(.data) for __stdout
    printf5.o(i.__0snprintf$5) refers to printf5.o(i._printf_core) for _printf_core
    printf5.o(i.__0snprintf$5) refers to printf5.o(i._snputc) for _snputc
    printf5.o(i.__0sprintf$5) refers to printf5.o(i._printf_core) for _printf_core
    printf5.o(i.__0sprintf$5) refers to printf5.o(i._sputc) for _sputc
    printf5.o(i.__0vfprintf$5) refers to printf5.o(i._printf_core) for _printf_core
    printf5.o(i.__0vfprintf$5) refers to fputc.o(i.fputc) for fputc
    printf5.o(i.__0vprintf$5) refers to printf5.o(i._printf_core) for _printf_core
    printf5.o(i.__0vprintf$5) refers to fputc.o(i.fputc) for fputc
    printf5.o(i.__0vprintf$5) refers to stdout.o(.data) for __stdout
    printf5.o(i.__0vsnprintf$5) refers to printf5.o(i._printf_core) for _printf_core
    printf5.o(i.__0vsnprintf$5) refers to printf5.o(i._snputc) for _snputc
    printf5.o(i.__0vsprintf$5) refers to printf5.o(i._printf_core) for _printf_core
    printf5.o(i.__0vsprintf$5) refers to printf5.o(i._sputc) for _sputc
    printf5.o(i._printf_core) refers to uldiv.o(.text) for __aeabi_uldivmod
    printf6.o(i.__0fprintf$6) refers to printf6.o(i._printf_core) for _printf_core
    printf6.o(i.__0fprintf$6) refers to fputc.o(i.fputc) for fputc
    printf6.o(i.__0printf$6) refers to printf6.o(i._printf_core) for _printf_core
    printf6.o(i.__0printf$6) refers to fputc.o(i.fputc) for fputc
    printf6.o(i.__0printf$6) refers to stdout.o(.data) for __stdout
    printf6.o(i.__0snprintf$6) refers to printf6.o(i._printf_core) for _printf_core
    printf6.o(i.__0snprintf$6) refers to printf6.o(i._snputc) for _snputc
    printf6.o(i.__0sprintf$6) refers to printf6.o(i._printf_core) for _printf_core
    printf6.o(i.__0sprintf$6) refers to printf6.o(i._sputc) for _sputc
    printf6.o(i.__0vfprintf$6) refers to printf6.o(i._printf_core) for _printf_core
    printf6.o(i.__0vfprintf$6) refers to fputc.o(i.fputc) for fputc
    printf6.o(i.__0vprintf$6) refers to printf6.o(i._printf_core) for _printf_core
    printf6.o(i.__0vprintf$6) refers to fputc.o(i.fputc) for fputc
    printf6.o(i.__0vprintf$6) refers to stdout.o(.data) for __stdout
    printf6.o(i.__0vsnprintf$6) refers to printf6.o(i._printf_core) for _printf_core
    printf6.o(i.__0vsnprintf$6) refers to printf6.o(i._snputc) for _snputc
    printf6.o(i.__0vsprintf$6) refers to printf6.o(i._printf_core) for _printf_core
    printf6.o(i.__0vsprintf$6) refers to printf6.o(i._sputc) for _sputc
    printf6.o(i._printf_core) refers to printf6.o(i._printf_pre_padding) for _printf_pre_padding
    printf6.o(i._printf_core) refers to printf6.o(i._printf_post_padding) for _printf_post_padding
    printf6.o(i._printf_core) refers to uidiv.o(.text) for __aeabi_uidivmod
    printf7.o(i.__0fprintf$7) refers to printf7.o(i._printf_core) for _printf_core
    printf7.o(i.__0fprintf$7) refers to fputc.o(i.fputc) for fputc
    printf7.o(i.__0printf$7) refers to printf7.o(i._printf_core) for _printf_core
    printf7.o(i.__0printf$7) refers to fputc.o(i.fputc) for fputc
    printf7.o(i.__0printf$7) refers to stdout.o(.data) for __stdout
    printf7.o(i.__0snprintf$7) refers to printf7.o(i._printf_core) for _printf_core
    printf7.o(i.__0snprintf$7) refers to printf7.o(i._snputc) for _snputc
    printf7.o(i.__0sprintf$7) refers to printf7.o(i._printf_core) for _printf_core
    printf7.o(i.__0sprintf$7) refers to printf7.o(i._sputc) for _sputc
    printf7.o(i.__0vfprintf$7) refers to printf7.o(i._printf_core) for _printf_core
    printf7.o(i.__0vfprintf$7) refers to fputc.o(i.fputc) for fputc
    printf7.o(i.__0vprintf$7) refers to printf7.o(i._printf_core) for _printf_core
    printf7.o(i.__0vprintf$7) refers to fputc.o(i.fputc) for fputc
    printf7.o(i.__0vprintf$7) refers to stdout.o(.data) for __stdout
    printf7.o(i.__0vsnprintf$7) refers to printf7.o(i._printf_core) for _printf_core
    printf7.o(i.__0vsnprintf$7) refers to printf7.o(i._snputc) for _snputc
    printf7.o(i.__0vsprintf$7) refers to printf7.o(i._printf_core) for _printf_core
    printf7.o(i.__0vsprintf$7) refers to printf7.o(i._sputc) for _sputc
    printf7.o(i._printf_core) refers to printf7.o(i._printf_pre_padding) for _printf_pre_padding
    printf7.o(i._printf_core) refers to printf7.o(i._printf_post_padding) for _printf_post_padding
    printf7.o(i._printf_core) refers to uldiv.o(.text) for __aeabi_uldivmod
    printf8.o(i.__0fprintf$8) refers to printf8.o(i._printf_core) for _printf_core
    printf8.o(i.__0fprintf$8) refers to fputc.o(i.fputc) for fputc
    printf8.o(i.__0printf$8) refers to printf8.o(i._printf_core) for _printf_core
    printf8.o(i.__0printf$8) refers to fputc.o(i.fputc) for fputc
    printf8.o(i.__0printf$8) refers to stdout.o(.data) for __stdout
    printf8.o(i.__0snprintf$8) refers to printf8.o(i._printf_core) for _printf_core
    printf8.o(i.__0snprintf$8) refers to printf8.o(i._snputc) for _snputc
    printf8.o(i.__0sprintf$8) refers to printf8.o(i._printf_core) for _printf_core
    printf8.o(i.__0sprintf$8) refers to printf8.o(i._sputc) for _sputc
    printf8.o(i.__0vfprintf$8) refers to printf8.o(i._printf_core) for _printf_core
    printf8.o(i.__0vfprintf$8) refers to fputc.o(i.fputc) for fputc
    printf8.o(i.__0vprintf$8) refers to printf8.o(i._printf_core) for _printf_core
    printf8.o(i.__0vprintf$8) refers to fputc.o(i.fputc) for fputc
    printf8.o(i.__0vprintf$8) refers to stdout.o(.data) for __stdout
    printf8.o(i.__0vsnprintf$8) refers to printf8.o(i._printf_core) for _printf_core
    printf8.o(i.__0vsnprintf$8) refers to printf8.o(i._snputc) for _snputc
    printf8.o(i.__0vsprintf$8) refers to printf8.o(i._printf_core) for _printf_core
    printf8.o(i.__0vsprintf$8) refers to printf8.o(i._sputc) for _sputc
    printf8.o(i._printf_core) refers to printf8.o(i._printf_pre_padding) for _printf_pre_padding
    printf8.o(i._printf_core) refers to printf8.o(i._printf_post_padding) for _printf_post_padding
    printf8.o(i._printf_core) refers to uldiv.o(.text) for __aeabi_uldivmod
    printfa.o(i.__0fprintf) refers (Special) to iusefp.o(.text) for __I$use$fp
    printfa.o(i.__0fprintf) refers to printfa.o(i._printf_core) for _printf_core
    printfa.o(i.__0fprintf) refers to fputc.o(i.fputc) for fputc
    printfa.o(i.__0printf) refers (Special) to iusefp.o(.text) for __I$use$fp
    printfa.o(i.__0printf) refers to printfa.o(i._printf_core) for _printf_core
    printfa.o(i.__0printf) refers to fputc.o(i.fputc) for fputc
    printfa.o(i.__0printf) refers to stdout.o(.data) for __stdout
    printfa.o(i.__0snprintf) refers (Special) to iusefp.o(.text) for __I$use$fp
    printfa.o(i.__0snprintf) refers to printfa.o(i._printf_core) for _printf_core
    printfa.o(i.__0snprintf) refers to printfa.o(i._snputc) for _snputc
    printfa.o(i.__0sprintf) refers (Special) to iusefp.o(.text) for __I$use$fp
    printfa.o(i.__0sprintf) refers to printfa.o(i._printf_core) for _printf_core
    printfa.o(i.__0sprintf) refers to printfa.o(i._sputc) for _sputc
    printfa.o(i.__0vfprintf) refers (Special) to iusefp.o(.text) for __I$use$fp
    printfa.o(i.__0vfprintf) refers to printfa.o(i._printf_core) for _printf_core
    printfa.o(i.__0vfprintf) refers to fputc.o(i.fputc) for fputc
    printfa.o(i.__0vprintf) refers (Special) to iusefp.o(.text) for __I$use$fp
    printfa.o(i.__0vprintf) refers to printfa.o(i._printf_core) for _printf_core
    printfa.o(i.__0vprintf) refers to fputc.o(i.fputc) for fputc
    printfa.o(i.__0vprintf) refers to stdout.o(.data) for __stdout
    printfa.o(i.__0vsnprintf) refers (Special) to iusefp.o(.text) for __I$use$fp
    printfa.o(i.__0vsnprintf) refers to printfa.o(i._printf_core) for _printf_core
    printfa.o(i.__0vsnprintf) refers to printfa.o(i._snputc) for _snputc
    printfa.o(i.__0vsprintf) refers (Special) to iusefp.o(.text) for __I$use$fp
    printfa.o(i.__0vsprintf) refers to printfa.o(i._printf_core) for _printf_core
    printfa.o(i.__0vsprintf) refers to printfa.o(i._sputc) for _sputc
    printfa.o(i._fp_digits) refers (Special) to iusefp.o(.text) for __I$use$fp
    printfa.o(i._fp_digits) refers to dmul.o(.text) for __aeabi_dmul
    printfa.o(i._fp_digits) refers to ddiv.o(.text) for __aeabi_ddiv
    printfa.o(i._fp_digits) refers to cdrcmple.o(.text) for __aeabi_cdrcmple
    printfa.o(i._fp_digits) refers to dadd.o(.text) for __aeabi_dadd
    printfa.o(i._fp_digits) refers to dfixul.o(.text) for __aeabi_d2ulz
    printfa.o(i._fp_digits) refers to uldiv.o(.text) for __aeabi_uldivmod
    printfa.o(i._printf_core) refers (Special) to iusefp.o(.text) for __I$use$fp
    printfa.o(i._printf_core) refers to printfa.o(i._printf_pre_padding) for _printf_pre_padding
    printfa.o(i._printf_core) refers to uldiv.o(.text) for __aeabi_uldivmod
    printfa.o(i._printf_core) refers to printfa.o(i._printf_post_padding) for _printf_post_padding
    printfa.o(i._printf_core) refers to printfa.o(i._fp_digits) for _fp_digits
    printfa.o(i._printf_core) refers to uidiv.o(.text) for __aeabi_uidivmod
    printfa.o(i._printf_post_padding) refers (Special) to iusefp.o(.text) for __I$use$fp
    printfa.o(i._printf_pre_padding) refers (Special) to iusefp.o(.text) for __I$use$fp
    printfa.o(i._snputc) refers (Special) to iusefp.o(.text) for __I$use$fp
    printfa.o(i._sputc) refers (Special) to iusefp.o(.text) for __I$use$fp
    dmul.o(.text) refers (Special) to iusefp.o(.text) for __I$use$fp
    dmul.o(.text) refers to depilogue.o(.text) for _double_epilogue
    ddiv.o(.text) refers (Special) to iusefp.o(.text) for __I$use$fp
    ddiv.o(.text) refers to depilogue.o(.text) for _double_round
    dfltui.o(.text) refers (Special) to iusefp.o(.text) for __I$use$fp
    dfltui.o(.text) refers to depilogue.o(.text) for _double_epilogue
    f2d.o(.text) refers (Special) to iusefp.o(.text) for __I$use$fp
    d2f.o(.text) refers (Special) to iusefp.o(.text) for __I$use$fp
    d2f.o(.text) refers to fepilogue.o(.text) for _float_round
    cfcmple.o(.text) refers (Special) to iusefp.o(.text) for __I$use$fp
    cfrcmple.o(.text) refers (Special) to iusefp.o(.text) for __I$use$fp
    entry2.o(.ARM.Collect$$$$00000001) refers to entry2.o(.ARM.Collect$$$$00002712) for __lit__00000000
    entry2.o(.ARM.Collect$$$$00002712) refers to startup_mkl25z4.o(STACK) for __initial_sp
    entry2.o(__vectab_stack_and_reset_area) refers to startup_mkl25z4.o(STACK) for __initial_sp
    entry2.o(__vectab_stack_and_reset_area) refers to entry.o(.ARM.Collect$$$$00000000) for __main
    entry5.o(.ARM.Collect$$$$00000004) refers to init.o(.text) for __scatterload
    entry9a.o(.ARM.Collect$$$$0000000B) refers to main.o(i.main) for main
    entry9b.o(.ARM.Collect$$$$0000000C) refers to main.o(i.main) for main
    fputc.o(i.fputc) refers (Special) to iusesemip.o(.text) for __I$use$semihosting$fputc
    fputc.o(i.fputc) refers (Special) to semi.o(.text) for __semihosting_library_function
    uldiv.o(.text) refers to llushr.o(.text) for __aeabi_llsr
    uldiv.o(.text) refers to llshl.o(.text) for __aeabi_llsl
    depilogue.o(.text) refers to depilogue.o(i.__ARM_clz) for __ARM_clz
    depilogue.o(.text) refers to llshl.o(.text) for __aeabi_llsl
    depilogue.o(.text) refers to llushr.o(.text) for __aeabi_llsr
    dadd.o(.text) refers to llshl.o(.text) for __aeabi_llsl
    dadd.o(.text) refers to llsshr.o(.text) for __aeabi_lasr
    dadd.o(.text) refers to depilogue.o(.text) for _double_epilogue
    dfixul.o(.text) refers to llushr.o(.text) for __aeabi_llsr
    dfixul.o(.text) refers to llshl.o(.text) for __aeabi_llsl
    init.o(.text) refers to entry5.o(.ARM.Collect$$$$00000004) for __main_after_scatterload


==============================================================================

Removing Unused input sections from the image.

    Removing i2c.o(.rev16_text), (4 bytes).
    Removing i2c.o(.revsh_text), (4 bytes).
    Removing main.o(.rev16_text), (4 bytes).
    Removing main.o(.revsh_text), (4 bytes).
    Removing ssd1306.o(i.ssd1306_command), (26 bytes).
    Removing ssd1306.o(i.ssd1306_data), (26 bytes).
    Removing ssd1306.o(i.ssd1306_drawbitmap), (24 bytes).
    Removing ssd1306.o(i.ssd1306_drawline), (210 bytes).
    Removing ssd1306.o(i.ssd1306_putstring), (76 bytes).
    Removing ssd1306.o(i.ssd1306_setcontrast), (44 bytes).
    Removing ssd1306.o(i.ssd1306_setfont), (12 bytes).
    Removing ssd1306.o(i.ssd1306_setinverse), (24 bytes).
    Removing bitmaps.o(.constdata), (2048 bytes).
    Removing startup_mkl25z4.o(HEAP), (0 bytes).
    Removing system_mkl25z4.o(.rev16_text), (4 bytes).
    Removing system_mkl25z4.o(.revsh_text), (4 bytes).
    Removing system_mkl25z4.o(i.SystemCoreClockUpdate), (400 bytes).
    Removing system_mkl25z4.o(.data), (4 bytes).
    Removing system_mkl25z4.o(i.__ARM_common_switch8), (28 bytes).

19 unused section(s) (total 2946 bytes) removed from the image.

==============================================================================

Image Symbol Table

    Local Symbols

    Symbol Name                              Value     Ov Type        Size  Object(Section)

    RESET                                    0x00000000   Section      192  startup_mkl25z4.o(RESET)
    ../clib/microlib/division.c              0x00000000   Number         0  uidiv.o ABSOLUTE
    ../clib/microlib/division.c              0x00000000   Number         0  uldiv.o ABSOLUTE
    ../clib/microlib/init/entry.s            0x00000000   Number         0  entry11a.o ABSOLUTE
    ../clib/microlib/init/entry.s            0x00000000   Number         0  entry10b.o ABSOLUTE
    ../clib/microlib/init/entry.s            0x00000000   Number         0  entry7a.o ABSOLUTE
    ../clib/microlib/init/entry.s            0x00000000   Number         0  entry10a.o ABSOLUTE
    ../clib/microlib/init/entry.s            0x00000000   Number         0  entry9b.o ABSOLUTE
    ../clib/microlib/init/entry.s            0x00000000   Number         0  entry9a.o ABSOLUTE
    ../clib/microlib/init/entry.s            0x00000000   Number         0  entry7b.o ABSOLUTE
    ../clib/microlib/init/entry.s            0x00000000   Number         0  entry8b.o ABSOLUTE
    ../clib/microlib/init/entry.s            0x00000000   Number         0  entry8a.o ABSOLUTE
    ../clib/microlib/init/entry.s            0x00000000   Number         0  entry2.o ABSOLUTE
    ../clib/microlib/init/entry.s            0x00000000   Number         0  entry12b.o ABSOLUTE
    ../clib/microlib/init/entry.s            0x00000000   Number         0  entry12a.o ABSOLUTE
    ../clib/microlib/init/entry.s            0x00000000   Number         0  entry11b.o ABSOLUTE
    ../clib/microlib/init/entry.s            0x00000000   Number         0  entry5.o ABSOLUTE
    ../clib/microlib/init/entry.s            0x00000000   Number         0  entry.o ABSOLUTE
    ../clib/microlib/longlong.c              0x00000000   Number         0  llsshr.o ABSOLUTE
    ../clib/microlib/longlong.c              0x00000000   Number         0  llushr.o ABSOLUTE
    ../clib/microlib/longlong.c              0x00000000   Number         0  llshl.o ABSOLUTE
    ../clib/microlib/printf/printf.c         0x00000000   Number         0  printfb.o ABSOLUTE
    ../clib/microlib/printf/printf.c         0x00000000   Number         0  printf3.o ABSOLUTE
    ../clib/microlib/printf/printf.c         0x00000000   Number         0  printf4.o ABSOLUTE
    ../clib/microlib/printf/printf.c         0x00000000   Number         0  printf2.o ABSOLUTE
    ../clib/microlib/printf/printf.c         0x00000000   Number         0  printf8.o ABSOLUTE
    ../clib/microlib/printf/printf.c         0x00000000   Number         0  printf7.o ABSOLUTE
    ../clib/microlib/printf/printf.c         0x00000000   Number         0  printf6.o ABSOLUTE
    ../clib/microlib/printf/printf.c         0x00000000   Number         0  printf1.o ABSOLUTE
    ../clib/microlib/printf/printf.c         0x00000000   Number         0  printf5.o ABSOLUTE
    ../clib/microlib/printf/printf.c         0x00000000   Number         0  printf0.o ABSOLUTE
    ../clib/microlib/printf/printf.c         0x00000000   Number         0  printfa.o ABSOLUTE
    ../clib/microlib/printf/stubs.s          0x00000000   Number         0  stubs.o ABSOLUTE
    ../clib/microlib/stdio/fputc.c           0x00000000   Number         0  fputc.o ABSOLUTE
    ../clib/microlib/stdio/semi.s            0x00000000   Number         0  semi.o ABSOLUTE
    ../clib/microlib/stdio/streams.c         0x00000000   Number         0  stdout.o ABSOLUTE
    ../clib/microlib/string/memcpy.c         0x00000000   Number         0  memcpya.o ABSOLUTE
    ../clib/microlib/string/memcpy.c         0x00000000   Number         0  memcpyb.o ABSOLUTE
    ../clib/microlib/string/memset.c         0x00000000   Number         0  memseta.o ABSOLUTE
    ../clib/microlib/stubs.s                 0x00000000   Number         0  iusefp.o ABSOLUTE
    ../clib/microlib/stubs.s                 0x00000000   Number         0  iusesemip.o ABSOLUTE
    ../fplib/microlib/d2f.c                  0x00000000   Number         0  d2f.o ABSOLUTE
    ../fplib/microlib/f2d.c                  0x00000000   Number         0  f2d.o ABSOLUTE
    ../fplib/microlib/fpadd.c                0x00000000   Number         0  dadd.o ABSOLUTE
    ../fplib/microlib/fpdiv.c                0x00000000   Number         0  ddiv.o ABSOLUTE
    ../fplib/microlib/fpepilogue.c           0x00000000   Number         0  depilogue.o ABSOLUTE
    ../fplib/microlib/fpepilogue.c           0x00000000   Number         0  fepilogue.o ABSOLUTE
    ../fplib/microlib/fpfix.c                0x00000000   Number         0  dfixul.o ABSOLUTE
    ../fplib/microlib/fpflt.c                0x00000000   Number         0  dfltui.o ABSOLUTE
    ../fplib/microlib/fpmul.c                0x00000000   Number         0  dmul.o ABSOLUTE
    RTE\Device\MKL25Z128xxx4\startup_MKL25Z4.s 0x00000000   Number         0  startup_mkl25z4.o ABSOLUTE
    RTE\Device\MKL25Z128xxx4\system_MKL25Z4.c 0x00000000   Number         0  system_mkl25z4.o ABSOLUTE
    RTE\\Device\\MKL25Z128xxx4\\system_MKL25Z4.c 0x00000000   Number         0  system_mkl25z4.o ABSOLUTE
    cdrcmple.s                               0x00000000   Number         0  cdrcmple.o ABSOLUTE
    cfcmple.s                                0x00000000   Number         0  cfcmple.o ABSOLUTE
    cfrcmple.s                               0x00000000   Number         0  cfrcmple.o ABSOLUTE
    dc.s                                     0x00000000   Number         0  dc.o ABSOLUTE
    handlers.s                               0x00000000   Number         0  handlers.o ABSOLUTE
    init.s                                   0x00000000   Number         0  init.o ABSOLUTE
    src\\i2c.c                               0x00000000   Number         0  i2c.o ABSOLUTE
    src\\main.c                              0x00000000   Number         0  main.o ABSOLUTE
    src\bitmaps.c                            0x00000000   Number         0  bitmaps.o ABSOLUTE
    src\fonts.c                              0x00000000   Number         0  fonts.o ABSOLUTE
    src\i2c.c                                0x00000000   Number         0  i2c.o ABSOLUTE
    src\main.c                               0x00000000   Number         0  main.o ABSOLUTE
    src\ssd1306.c                            0x00000000   Number         0  ssd1306.o ABSOLUTE
    .ARM.Collect$$$$00000000                 0x000000c0   Section        0  entry.o(.ARM.Collect$$$$00000000)
    .ARM.Collect$$$$00000001                 0x000000c0   Section        4  entry2.o(.ARM.Collect$$$$00000001)
    .ARM.Collect$$$$00000004                 0x000000c4   Section        4  entry5.o(.ARM.Collect$$$$00000004)
    .ARM.Collect$$$$00000008                 0x000000c8   Section        0  entry7b.o(.ARM.Collect$$$$00000008)
    .ARM.Collect$$$$0000000A                 0x000000c8   Section        0  entry8b.o(.ARM.Collect$$$$0000000A)
    .ARM.Collect$$$$0000000B                 0x000000c8   Section        8  entry9a.o(.ARM.Collect$$$$0000000B)
    .ARM.Collect$$$$0000000E                 0x000000d0   Section        4  entry12b.o(.ARM.Collect$$$$0000000E)
    .ARM.Collect$$$$0000000F                 0x000000d4   Section        0  entry10a.o(.ARM.Collect$$$$0000000F)
    .ARM.Collect$$$$00000011                 0x000000d4   Section        0  entry11a.o(.ARM.Collect$$$$00000011)
    .ARM.Collect$$$$00002712                 0x000000d4   Section        4  entry2.o(.ARM.Collect$$$$00002712)
    __lit__00000000                          0x000000d4   Data           4  entry2.o(.ARM.Collect$$$$00002712)
    .text                                    0x000000d8   Section       40  startup_mkl25z4.o(.text)
    .text                                    0x00000100   Section        0  uidiv.o(.text)
    .text                                    0x0000012c   Section        0  memseta.o(.text)
    .text                                    0x00000150   Section        0  dmul.o(.text)
    .text                                    0x00000220   Section        0  ddiv.o(.text)
    .text                                    0x00000310   Section        0  dfltui.o(.text)
    .text                                    0x0000032c   Section        0  f2d.o(.text)
    .text                                    0x00000354   Section        0  d2f.o(.text)
    .text                                    0x0000038c   Section       20  cfcmple.o(.text)
    .text                                    0x000003a0   Section       20  cfrcmple.o(.text)
    .text                                    0x000003b4   Section        0  dfixul.o(.text)
    .text                                    0x000003b4   Section        0  iusefp.o(.text)
    i.__scatterload_null                     0x000003f4   Section        2  handlers.o(i.__scatterload_null)
    i._sputc                                 0x000003f6   Section        0  printfa.o(i._sputc)
    _sputc                                   0x000003f7   Thumb Code    10  printfa.o(i._sputc)
    .ARM.__at_0x400                          0x00000400   Section       16  startup_mkl25z4.o(.ARM.__at_0x400)
    .text                                    0x00000410   Section        0  uldiv.o(.text)
    .text                                    0x00000470   Section        0  fepilogue.o(.text)
    .text                                    0x000004f2   Section        0  depilogue.o(.text)
    .text                                    0x000005b0   Section        0  dadd.o(.text)
    .text                                    0x00000718   Section       40  cdrcmple.o(.text)
    .text                                    0x00000740   Section       36  init.o(.text)
    .text                                    0x00000764   Section        0  llshl.o(.text)
    .text                                    0x00000784   Section        0  llushr.o(.text)
    .text                                    0x000007a6   Section        0  llsshr.o(.text)
    i.Delay_us                               0x000007cc   Section        0  main.o(i.Delay_us)
    i.Init_ADC                               0x000007e4   Section        0  main.o(i.Init_ADC)
    i.Measure_Voltage                        0x00000808   Section        0  main.o(i.Measure_Voltage)
    i.SystemInit                             0x00000864   Section        0  system_mkl25z4.o(i.SystemInit)
    i.__0sprintf                             0x0000099c   Section        0  printfa.o(i.__0sprintf)
    i.__ARM_clz                              0x000009c4   Section        0  depilogue.o(i.__ARM_clz)
    i.__scatterload_copy                     0x000009f2   Section       14  handlers.o(i.__scatterload_copy)
    i.__scatterload_zeroinit                 0x00000a00   Section       14  handlers.o(i.__scatterload_zeroinit)
    i._fp_digits                             0x00000a10   Section        0  printfa.o(i._fp_digits)
    _fp_digits                               0x00000a11   Thumb Code   344  printfa.o(i._fp_digits)
    i._printf_core                           0x00000b84   Section        0  printfa.o(i._printf_core)
    _printf_core                             0x00000b85   Thumb Code  1760  printfa.o(i._printf_core)
    i._printf_post_padding                   0x00001274   Section        0  printfa.o(i._printf_post_padding)
    _printf_post_padding                     0x00001275   Thumb Code    32  printfa.o(i._printf_post_padding)
    i._printf_pre_padding                    0x00001294   Section        0  printfa.o(i._printf_pre_padding)
    _printf_pre_padding                      0x00001295   Thumb Code    44  printfa.o(i._printf_pre_padding)
    i.i2c_init                               0x000012c0   Section        0  i2c.o(i.i2c_init)
    i.i2c_write_cmd                          0x0000132c   Section        0  i2c.o(i.i2c_write_cmd)
    i.i2c_write_data                         0x000013e4   Section        0  i2c.o(i.i2c_write_data)
    i.main                                   0x0000149c   Section        0  main.o(i.main)
    i.ssd1306_clearscreen                    0x00001a9c   Section        0  ssd1306.o(i.ssd1306_clearscreen)
    i.ssd1306_goto                           0x00001ab0   Section        0  ssd1306.o(i.ssd1306_goto)
    i.ssd1306_init                           0x00001ad0   Section        0  ssd1306.o(i.ssd1306_init)
    i.ssd1306_putchar                        0x00001b00   Section        0  ssd1306.o(i.ssd1306_putchar)
    i.ssd1306_setorientation                 0x00001c38   Section        0  ssd1306.o(i.ssd1306_setorientation)
    i.ssd1306_setpixel                       0x00001c70   Section        0  ssd1306.o(i.ssd1306_setpixel)
    i.ssd1306_terminal                       0x00001cf0   Section        0  ssd1306.o(i.ssd1306_terminal)
    i.ssd1306_update                         0x00001dd4   Section        0  ssd1306.o(i.ssd1306_update)
    .constdata                               0x00001e24   Section       29  ssd1306.o(.constdata)
    .constdata                               0x00001e41   Section    16872  fonts.o(.constdata)
    .data                                    0x1ffff000   Section        6  ssd1306.o(.data)
    .bss                                     0x1ffff008   Section     1024  ssd1306.o(.bss)
    STACK                                    0x1ffff408   Section      512  startup_mkl25z4.o(STACK)

    Global Symbols

    Symbol Name                              Value     Ov Type        Size  Object(Section)

    BuildAttributes$$THM_ISAv3M$S$PE$A:L22$X:L11$S22$IEEE1$IW$USESV6$~STKCKD$USESV7$~SHL$OTIME$ROPI$EBA8$MICROLIB$REQ8$PRES8$EABIv2 0x00000000   Number         0  anon$$obj.o ABSOLUTE
    __ARM_use_no_argv                        0x00000000   Number         0  main.o ABSOLUTE
    __Vectors                                0x00000000   Data           4  startup_mkl25z4.o(RESET)
    _printf_a                                0x00000000   Number         0  stubs.o ABSOLUTE
    _printf_c                                0x00000000   Number         0  stubs.o ABSOLUTE
    _printf_charcount                        0x00000000   Number         0  stubs.o ABSOLUTE
    _printf_d                                0x00000000   Number         0  stubs.o ABSOLUTE
    _printf_e                                0x00000000   Number         0  stubs.o ABSOLUTE
    _printf_f                                0x00000000   Number         0  stubs.o ABSOLUTE
    _printf_flags                            0x00000000   Number         0  stubs.o ABSOLUTE
    _printf_fp_dec                           0x00000000   Number         0  stubs.o ABSOLUTE
    _printf_fp_hex                           0x00000000   Number         0  stubs.o ABSOLUTE
    _printf_g                                0x00000000   Number         0  stubs.o ABSOLUTE
    _printf_i                                0x00000000   Number         0  stubs.o ABSOLUTE
    _printf_int_dec                          0x00000000   Number         0  stubs.o ABSOLUTE
    _printf_l                                0x00000000   Number         0  stubs.o ABSOLUTE
    _printf_lc                               0x00000000   Number         0  stubs.o ABSOLUTE
    _printf_ll                               0x00000000   Number         0  stubs.o ABSOLUTE
    _printf_lld                              0x00000000   Number         0  stubs.o ABSOLUTE
    _printf_lli                              0x00000000   Number         0  stubs.o ABSOLUTE
    _printf_llo                              0x00000000   Number         0  stubs.o ABSOLUTE
    _printf_llu                              0x00000000   Number         0  stubs.o ABSOLUTE
    _printf_llx                              0x00000000   Number         0  stubs.o ABSOLUTE
    _printf_longlong_dec                     0x00000000   Number         0  stubs.o ABSOLUTE
    _printf_longlong_hex                     0x00000000   Number         0  stubs.o ABSOLUTE
    _printf_longlong_oct                     0x00000000   Number         0  stubs.o ABSOLUTE
    _printf_ls                               0x00000000   Number         0  stubs.o ABSOLUTE
    _printf_mbtowc                           0x00000000   Number         0  stubs.o ABSOLUTE
    _printf_n                                0x00000000   Number         0  stubs.o ABSOLUTE
    _printf_o                                0x00000000   Number         0  stubs.o ABSOLUTE
    _printf_p                                0x00000000   Number         0  stubs.o ABSOLUTE
    _printf_percent                          0x00000000   Number         0  stubs.o ABSOLUTE
    _printf_pre_padding                      0x00000000   Number         0  stubs.o ABSOLUTE
    _printf_return_value                     0x00000000   Number         0  stubs.o ABSOLUTE
    _printf_s                                0x00000000   Number         0  stubs.o ABSOLUTE
    _printf_sizespec                         0x00000000   Number         0  stubs.o ABSOLUTE
    _printf_str                              0x00000000   Number         0  stubs.o ABSOLUTE
    _printf_truncate_signed                  0x00000000   Number         0  stubs.o ABSOLUTE
    _printf_truncate_unsigned                0x00000000   Number         0  stubs.o ABSOLUTE
    _printf_u                                0x00000000   Number         0  stubs.o ABSOLUTE
    _printf_wc                               0x00000000   Number         0  stubs.o ABSOLUTE
    _printf_wctomb                           0x00000000   Number         0  stubs.o ABSOLUTE
    _printf_widthprec                        0x00000000   Number         0  stubs.o ABSOLUTE
    _printf_x                                0x00000000   Number         0  stubs.o ABSOLUTE
    __arm_fini_                               - Undefined Weak Reference
    __cpp_initialize__aeabi_                  - Undefined Weak Reference
    __cxa_finalize                            - Undefined Weak Reference
    __decompress                              - Undefined Weak Reference
    _clock_init                               - Undefined Weak Reference
    _microlib_exit                            - Undefined Weak Reference
    __Vectors_End                            0x000000c0   Data           0  startup_mkl25z4.o(RESET)
    __Vectors_Size                           0x000000c0   Number         0  startup_mkl25z4.o ABSOLUTE
    __main                                   0x000000c1   Thumb Code     0  entry.o(.ARM.Collect$$$$00000000)
    _main_stk                                0x000000c1   Thumb Code     0  entry2.o(.ARM.Collect$$$$00000001)
    _main_scatterload                        0x000000c5   Thumb Code     0  entry5.o(.ARM.Collect$$$$00000004)
    __main_after_scatterload                 0x000000c9   Thumb Code     0  entry5.o(.ARM.Collect$$$$00000004)
    _main_clock                              0x000000c9   Thumb Code     0  entry7b.o(.ARM.Collect$$$$00000008)
    _main_cpp_init                           0x000000c9   Thumb Code     0  entry8b.o(.ARM.Collect$$$$0000000A)
    _main_init                               0x000000c9   Thumb Code     0  entry9a.o(.ARM.Collect$$$$0000000B)
    __rt_lib_shutdown_fini                   0x000000d1   Thumb Code     0  entry12b.o(.ARM.Collect$$$$0000000E)
    __rt_final_cpp                           0x000000d5   Thumb Code     0  entry10a.o(.ARM.Collect$$$$0000000F)
    __rt_final_exit                          0x000000d5   Thumb Code     0  entry11a.o(.ARM.Collect$$$$00000011)
    Reset_Handler                            0x000000d9   Thumb Code    12  startup_mkl25z4.o(.text)
    NMI_Handler                              0x000000e5   Thumb Code     2  startup_mkl25z4.o(.text)
    HardFault_Handler                        0x000000e7   Thumb Code     2  startup_mkl25z4.o(.text)
    SVC_Handler                              0x000000e9   Thumb Code     2  startup_mkl25z4.o(.text)
    PendSV_Handler                           0x000000eb   Thumb Code     2  startup_mkl25z4.o(.text)
    SysTick_Handler                          0x000000ed   Thumb Code     2  startup_mkl25z4.o(.text)
    ADC0_IRQHandler                          0x000000ef   Thumb Code     0  startup_mkl25z4.o(.text)
    CMP0_IRQHandler                          0x000000ef   Thumb Code     0  startup_mkl25z4.o(.text)
    DAC0_IRQHandler                          0x000000ef   Thumb Code     0  startup_mkl25z4.o(.text)
    DMA0_IRQHandler                          0x000000ef   Thumb Code     0  startup_mkl25z4.o(.text)
    DMA1_IRQHandler                          0x000000ef   Thumb Code     0  startup_mkl25z4.o(.text)
    DMA2_IRQHandler                          0x000000ef   Thumb Code     0  startup_mkl25z4.o(.text)
    DMA3_IRQHandler                          0x000000ef   Thumb Code     0  startup_mkl25z4.o(.text)
    DefaultISR                               0x000000ef   Thumb Code     0  startup_mkl25z4.o(.text)
    FTFA_IRQHandler                          0x000000ef   Thumb Code     0  startup_mkl25z4.o(.text)
    I2C0_IRQHandler                          0x000000ef   Thumb Code     0  startup_mkl25z4.o(.text)
    I2C1_IRQHandler                          0x000000ef   Thumb Code     0  startup_mkl25z4.o(.text)
    LLWU_IRQHandler                          0x000000ef   Thumb Code     0  startup_mkl25z4.o(.text)
    LPTMR0_IRQHandler                        0x000000ef   Thumb Code     0  startup_mkl25z4.o(.text)
    LVD_LVW_IRQHandler                       0x000000ef   Thumb Code     0  startup_mkl25z4.o(.text)
    MCG_IRQHandler                           0x000000ef   Thumb Code     0  startup_mkl25z4.o(.text)
    PIT_IRQHandler                           0x000000ef   Thumb Code     0  startup_mkl25z4.o(.text)
    PORTA_IRQHandler                         0x000000ef   Thumb Code     0  startup_mkl25z4.o(.text)
    PORTD_IRQHandler                         0x000000ef   Thumb Code     0  startup_mkl25z4.o(.text)
    RTC_IRQHandler                           0x000000ef   Thumb Code     0  startup_mkl25z4.o(.text)
    RTC_Seconds_IRQHandler                   0x000000ef   Thumb Code     0  startup_mkl25z4.o(.text)
    Reserved20_IRQHandler                    0x000000ef   Thumb Code     0  startup_mkl25z4.o(.text)
    Reserved39_IRQHandler                    0x000000ef   Thumb Code     0  startup_mkl25z4.o(.text)
    Reserved45_IRQHandler                    0x000000ef   Thumb Code     0  startup_mkl25z4.o(.text)
    SPI0_IRQHandler                          0x000000ef   Thumb Code     0  startup_mkl25z4.o(.text)
    SPI1_IRQHandler                          0x000000ef   Thumb Code     0  startup_mkl25z4.o(.text)
    TPM0_IRQHandler                          0x000000ef   Thumb Code     0  startup_mkl25z4.o(.text)
    TPM1_IRQHandler                          0x000000ef   Thumb Code     0  startup_mkl25z4.o(.text)
    TPM2_IRQHandler                          0x000000ef   Thumb Code     0  startup_mkl25z4.o(.text)
    TSI0_IRQHandler                          0x000000ef   Thumb Code     0  startup_mkl25z4.o(.text)
    UART0_IRQHandler                         0x000000ef   Thumb Code     0  startup_mkl25z4.o(.text)
    UART1_IRQHandler                         0x000000ef   Thumb Code     0  startup_mkl25z4.o(.text)
    UART2_IRQHandler                         0x000000ef   Thumb Code     0  startup_mkl25z4.o(.text)
    USB0_IRQHandler                          0x000000ef   Thumb Code     0  startup_mkl25z4.o(.text)
    __aeabi_uidiv                            0x00000101   Thumb Code     0  uidiv.o(.text)
    __aeabi_uidivmod                         0x00000101   Thumb Code    44  uidiv.o(.text)
    __aeabi_memset                           0x0000012d   Thumb Code    14  memseta.o(.text)
    __aeabi_memset4                          0x0000012d   Thumb Code     0  memseta.o(.text)
    __aeabi_memset8                          0x0000012d   Thumb Code     0  memseta.o(.text)
    __aeabi_memclr                           0x0000013b   Thumb Code     4  memseta.o(.text)
    __aeabi_memclr4                          0x0000013b   Thumb Code     0  memseta.o(.text)
    __aeabi_memclr8                          0x0000013b   Thumb Code     0  memseta.o(.text)
    _memset$wrapper                          0x0000013f   Thumb Code    18  memseta.o(.text)
    __aeabi_dmul                             0x00000151   Thumb Code   202  dmul.o(.text)
    __aeabi_ddiv                             0x00000221   Thumb Code   234  ddiv.o(.text)
    __aeabi_ui2d                             0x00000311   Thumb Code    24  dfltui.o(.text)
    __aeabi_f2d                              0x0000032d   Thumb Code    40  f2d.o(.text)
    __aeabi_d2f                              0x00000355   Thumb Code    56  d2f.o(.text)
    __aeabi_cfcmpeq                          0x0000038d   Thumb Code     0  cfcmple.o(.text)
    __aeabi_cfcmple                          0x0000038d   Thumb Code    20  cfcmple.o(.text)
    __aeabi_cfrcmple                         0x000003a1   Thumb Code    20  cfrcmple.o(.text)
    __I$use$fp                               0x000003b5   Thumb Code     0  iusefp.o(.text)
    __aeabi_d2ulz                            0x000003b5   Thumb Code    54  dfixul.o(.text)
    __scatterload_null                       0x000003f5   Thumb Code     2  handlers.o(i.__scatterload_null)
    __aeabi_uldivmod                         0x00000411   Thumb Code    96  uldiv.o(.text)
    _float_round                             0x00000471   Thumb Code    16  fepilogue.o(.text)
    _float_epilogue                          0x00000481   Thumb Code   114  fepilogue.o(.text)
    _double_round                            0x000004f3   Thumb Code    26  depilogue.o(.text)
    _double_epilogue                         0x0000050d   Thumb Code   164  depilogue.o(.text)
    __aeabi_dadd                             0x000005b1   Thumb Code   330  dadd.o(.text)
    __aeabi_dsub                             0x000006fb   Thumb Code    12  dadd.o(.text)
    __aeabi_drsub                            0x00000707   Thumb Code    12  dadd.o(.text)
    __aeabi_cdrcmple                         0x00000719   Thumb Code    38  cdrcmple.o(.text)
    __scatterload                            0x00000741   Thumb Code    28  init.o(.text)
    __scatterload_rt2                        0x00000741   Thumb Code     0  init.o(.text)
    __aeabi_llsl                             0x00000765   Thumb Code    32  llshl.o(.text)
    _ll_shift_l                              0x00000765   Thumb Code     0  llshl.o(.text)
    __aeabi_llsr                             0x00000785   Thumb Code    34  llushr.o(.text)
    _ll_ushift_r                             0x00000785   Thumb Code     0  llushr.o(.text)
    __aeabi_lasr                             0x000007a7   Thumb Code    38  llsshr.o(.text)
    _ll_sshift_r                             0x000007a7   Thumb Code     0  llsshr.o(.text)
    Delay_us                                 0x000007cd   Thumb Code    24  main.o(i.Delay_us)
    Init_ADC                                 0x000007e5   Thumb Code    26  main.o(i.Init_ADC)
    Measure_Voltage                          0x00000809   Thumb Code    76  main.o(i.Measure_Voltage)
    SystemInit                               0x00000865   Thumb Code   266  system_mkl25z4.o(i.SystemInit)
    __0sprintf                               0x0000099d   Thumb Code    36  printfa.o(i.__0sprintf)
    __1sprintf                               0x0000099d   Thumb Code     0  printfa.o(i.__0sprintf)
    __2sprintf                               0x0000099d   Thumb Code     0  printfa.o(i.__0sprintf)
    __c89sprintf                             0x0000099d   Thumb Code     0  printfa.o(i.__0sprintf)
    sprintf                                  0x0000099d   Thumb Code     0  printfa.o(i.__0sprintf)
    __ARM_clz                                0x000009c5   Thumb Code    46  depilogue.o(i.__ARM_clz)
    __scatterload_copy                       0x000009f3   Thumb Code    14  handlers.o(i.__scatterload_copy)
    __scatterload_zeroinit                   0x00000a01   Thumb Code    14  handlers.o(i.__scatterload_zeroinit)
    i2c_init                                 0x000012c1   Thumb Code    96  i2c.o(i.i2c_init)
    i2c_write_cmd                            0x0000132d   Thumb Code   174  i2c.o(i.i2c_write_cmd)
    i2c_write_data                           0x000013e5   Thumb Code   174  i2c.o(i.i2c_write_data)
    main                                     0x0000149d   Thumb Code  1520  main.o(i.main)
    ssd1306_clearscreen                      0x00001a9d   Thumb Code    14  ssd1306.o(i.ssd1306_clearscreen)
    ssd1306_goto                             0x00001ab1   Thumb Code    22  ssd1306.o(i.ssd1306_goto)
    ssd1306_init                             0x00001ad1   Thumb Code    38  ssd1306.o(i.ssd1306_init)
    ssd1306_putchar                          0x00001b01   Thumb Code   300  ssd1306.o(i.ssd1306_putchar)
    ssd1306_setorientation                   0x00001c39   Thumb Code    54  ssd1306.o(i.ssd1306_setorientation)
    ssd1306_setpixel                         0x00001c71   Thumb Code   122  ssd1306.o(i.ssd1306_setpixel)
    ssd1306_terminal                         0x00001cf1   Thumb Code   214  ssd1306.o(i.ssd1306_terminal)
    ssd1306_update                           0x00001dd5   Thumb Code    66  ssd1306.o(i.ssd1306_update)
    ssd1306_init_commands                    0x00001e24   Data          29  ssd1306.o(.constdata)
    Monospaced_plain_10                      0x00001e41   Data        3378  fonts.o(.constdata)
    Dialog_plain_12                          0x00002b73   Data        3793  fonts.o(.constdata)
    Dialog_plain_6                           0x00003a44   Data        1690  fonts.o(.constdata)
    Kranky_Regular_20                        0x000040de   Data        8011  fonts.o(.constdata)
    Region$$Table$$Base                      0x0000602c   Number         0  anon$$obj.o(Region$$Table)
    Region$$Table$$Limit                     0x0000604c   Number         0  anon$$obj.o(Region$$Table)
    font                                     0x1ffff000   Data           4  ssd1306.o(.data)
    x                                        0x1ffff004   Data           1  ssd1306.o(.data)
    y                                        0x1ffff005   Data           1  ssd1306.o(.data)
    ssd1306_framebuffer                      0x1ffff008   Data        1024  ssd1306.o(.bss)
    __initial_sp                             0x1ffff608   Data           0  startup_mkl25z4.o(STACK)



==============================================================================

Memory Map of the image

  Image Entry point : 0x000000c1

  Load Region LR_IROM1 (Base: 0x00000000, Size: 0x00006054, Max: 0x00020000, ABSOLUTE)

    Execution Region ER_IROM1 (Exec base: 0x00000000, Load base: 0x00000000, Size: 0x0000604c, Max: 0x00020000, ABSOLUTE)

    Exec Addr    Load Addr    Size         Type   Attr      Idx    E Section Name        Object

    0x00000000   0x00000000   0x000000c0   Data   RO          254    RESET               startup_mkl25z4.o
    0x000000c0   0x000000c0   0x00000000   Code   RO          302  * .ARM.Collect$$$$00000000  mc_p.l(entry.o)
    0x000000c0   0x000000c0   0x00000004   Code   RO          588    .ARM.Collect$$$$00000001  mc_p.l(entry2.o)
    0x000000c4   0x000000c4   0x00000004   Code   RO          591    .ARM.Collect$$$$00000004  mc_p.l(entry5.o)
    0x000000c8   0x000000c8   0x00000000   Code   RO          593    .ARM.Collect$$$$00000008  mc_p.l(entry7b.o)
    0x000000c8   0x000000c8   0x00000000   Code   RO          595    .ARM.Collect$$$$0000000A  mc_p.l(entry8b.o)
    0x000000c8   0x000000c8   0x00000008   Code   RO          596    .ARM.Collect$$$$0000000B  mc_p.l(entry9a.o)
    0x000000d0   0x000000d0   0x00000004   Code   RO          603    .ARM.Collect$$$$0000000E  mc_p.l(entry12b.o)
    0x000000d4   0x000000d4   0x00000000   Code   RO          598    .ARM.Collect$$$$0000000F  mc_p.l(entry10a.o)
    0x000000d4   0x000000d4   0x00000000   Code   RO          600    .ARM.Collect$$$$00000011  mc_p.l(entry11a.o)
    0x000000d4   0x000000d4   0x00000004   Code   RO          589    .ARM.Collect$$$$00002712  mc_p.l(entry2.o)
    0x000000d8   0x000000d8   0x00000028   Code   RO          256    .text               startup_mkl25z4.o
    0x00000100   0x00000100   0x0000002c   Code   RO          305    .text               mc_p.l(uidiv.o)
    0x0000012c   0x0000012c   0x00000024   Code   RO          309    .text               mc_p.l(memseta.o)
    0x00000150   0x00000150   0x000000d0   Code   RO          574    .text               mf_p.l(dmul.o)
    0x00000220   0x00000220   0x000000f0   Code   RO          576    .text               mf_p.l(ddiv.o)
    0x00000310   0x00000310   0x0000001c   Code   RO          578    .text               mf_p.l(dfltui.o)
    0x0000032c   0x0000032c   0x00000028   Code   RO          580    .text               mf_p.l(f2d.o)
    0x00000354   0x00000354   0x00000038   Code   RO          582    .text               mf_p.l(d2f.o)
    0x0000038c   0x0000038c   0x00000014   Code   RO          584    .text               mf_p.l(cfcmple.o)
    0x000003a0   0x000003a0   0x00000014   Code   RO          586    .text               mf_p.l(cfrcmple.o)
    0x000003b4   0x000003b4   0x00000000   Code   RO          609    .text               mc_p.l(iusefp.o)
    0x000003b4   0x000003b4   0x00000040   Code   RO          618    .text               mf_p.l(dfixul.o)
    0x000003f4   0x000003f4   0x00000002   Code   RO          635    i.__scatterload_null  mc_p.l(handlers.o)
    0x000003f6   0x000003f6   0x0000000a   Code   RO          558    i._sputc            mc_p.l(printfa.o)
    0x00000400   0x00000400   0x00000010   Code   RO          255    .ARM.__at_0x400     startup_mkl25z4.o
    0x00000410   0x00000410   0x00000060   Code   RO          607    .text               mc_p.l(uldiv.o)
    0x00000470   0x00000470   0x00000082   Code   RO          610    .text               mf_p.l(fepilogue.o)
    0x000004f2   0x000004f2   0x000000be   Code   RO          612    .text               mf_p.l(depilogue.o)
    0x000005b0   0x000005b0   0x00000168   Code   RO          616    .text               mf_p.l(dadd.o)
    0x00000718   0x00000718   0x00000028   Code   RO          620    .text               mf_p.l(cdrcmple.o)
    0x00000740   0x00000740   0x00000024   Code   RO          622    .text               mc_p.l(init.o)
    0x00000764   0x00000764   0x00000020   Code   RO          625    .text               mc_p.l(llshl.o)
    0x00000784   0x00000784   0x00000022   Code   RO          627    .text               mc_p.l(llushr.o)
    0x000007a6   0x000007a6   0x00000026   Code   RO          629    .text               mc_p.l(llsshr.o)
    0x000007cc   0x000007cc   0x00000018   Code   RO           66    i.Delay_us          main.o
    0x000007e4   0x000007e4   0x00000024   Code   RO           67    i.Init_ADC          main.o
    0x00000808   0x00000808   0x0000005c   Code   RO           68    i.Measure_Voltage   main.o
    0x00000864   0x00000864   0x00000138   Code   RO          265    i.SystemInit        system_mkl25z4.o
    0x0000099c   0x0000099c   0x00000028   Code   RO          548    i.__0sprintf        mc_p.l(printfa.o)
    0x000009c4   0x000009c4   0x0000002e   Code   RO          614    i.__ARM_clz         mf_p.l(depilogue.o)
    0x000009f2   0x000009f2   0x0000000e   Code   RO          634    i.__scatterload_copy  mc_p.l(handlers.o)
    0x00000a00   0x00000a00   0x0000000e   Code   RO          636    i.__scatterload_zeroinit  mc_p.l(handlers.o)
    0x00000a0e   0x00000a0e   0x00000002   PAD
    0x00000a10   0x00000a10   0x00000174   Code   RO          553    i._fp_digits        mc_p.l(printfa.o)
    0x00000b84   0x00000b84   0x000006f0   Code   RO          554    i._printf_core      mc_p.l(printfa.o)
    0x00001274   0x00001274   0x00000020   Code   RO          555    i._printf_post_padding  mc_p.l(printfa.o)
    0x00001294   0x00001294   0x0000002c   Code   RO          556    i._printf_pre_padding  mc_p.l(printfa.o)
    0x000012c0   0x000012c0   0x0000006c   Code   RO            3    i.i2c_init          i2c.o
    0x0000132c   0x0000132c   0x000000b8   Code   RO            4    i.i2c_write_cmd     i2c.o
    0x000013e4   0x000013e4   0x000000b8   Code   RO            5    i.i2c_write_data    i2c.o
    0x0000149c   0x0000149c   0x00000600   Code   RO           69    i.main              main.o
    0x00001a9c   0x00001a9c   0x00000014   Code   RO          122    i.ssd1306_clearscreen  ssd1306.o
    0x00001ab0   0x00001ab0   0x00000020   Code   RO          127    i.ssd1306_goto      ssd1306.o
    0x00001ad0   0x00001ad0   0x00000030   Code   RO          128    i.ssd1306_init      ssd1306.o
    0x00001b00   0x00001b00   0x00000138   Code   RO          129    i.ssd1306_putchar   ssd1306.o
    0x00001c38   0x00001c38   0x00000036   Code   RO          134    i.ssd1306_setorientation  ssd1306.o
    0x00001c6e   0x00001c6e   0x00000002   PAD
    0x00001c70   0x00001c70   0x00000080   Code   RO          135    i.ssd1306_setpixel  ssd1306.o
    0x00001cf0   0x00001cf0   0x000000e4   Code   RO          136    i.ssd1306_terminal  ssd1306.o
    0x00001dd4   0x00001dd4   0x00000050   Code   RO          137    i.ssd1306_update    ssd1306.o
    0x00001e24   0x00001e24   0x0000001d   Data   RO          139    .constdata          ssd1306.o
    0x00001e41   0x00001e41   0x000041e8   Data   RO          244    .constdata          fonts.o
    0x00006029   0x00006029   0x00000003   PAD
    0x0000602c   0x0000602c   0x00000020   Data   RO          632    Region$$Table       anon$$obj.o


    Execution Region RW_IRAM1 (Exec base: 0x1ffff000, Load base: 0x0000604c, Size: 0x00000608, Max: 0x00004000, ABSOLUTE)

    Exec Addr    Load Addr    Size         Type   Attr      Idx    E Section Name        Object

    0x1ffff000   0x0000604c   0x00000006   Data   RW          140    .data               ssd1306.o
    0x1ffff006   0x00006052   0x00000002   PAD
    0x1ffff008        -       0x00000400   Zero   RW          138    .bss                ssd1306.o
    0x1ffff408        -       0x00000200   Zero   RW          252    STACK               startup_mkl25z4.o


==============================================================================

Image component sizes


      Code (inc. data)   RO Data    RW Data    ZI Data      Debug   Object Name

         0          0      16872          0          0        759   fonts.o
       476         32          0          0          0       7096   i2c.o
      1688         90          0          0          0       3203   main.o
       902         72         29          6       1024       6923   ssd1306.o
        56         30        192          0        512        840   startup_mkl25z4.o
       312         46          0          0          0        593   system_mkl25z4.o

    ----------------------------------------------------------------------
      3436        270      17128          8       1536      19414   Object Totals
         0          0         32          0          0          0   (incl. Generated)
         2          0          3          2          0          0   (incl. Padding)

    ----------------------------------------------------------------------

      Code (inc. data)   RO Data    RW Data    ZI Data      Debug   Library Member Name

         0          0          0          0          0          0   entry.o
         0          0          0          0          0          0   entry10a.o
         0          0          0          0          0          0   entry11a.o
         4          0          0          0          0          0   entry12b.o
         8          4          0          0          0          0   entry2.o
         4          0          0          0          0          0   entry5.o
         0          0          0          0          0          0   entry7b.o
         0          0          0          0          0          0   entry8b.o
         8          4          0          0          0          0   entry9a.o
        30          0          0          0          0          0   handlers.o
        36          8          0          0          0         68   init.o
         0          0          0          0          0          0   iusefp.o
        32          0          0          0          0         68   llshl.o
        38          0          0          0          0         68   llsshr.o
        34          0          0          0          0         68   llushr.o
        36          0          0          0          0        100   memseta.o
      2274         94          0          0          0        472   printfa.o
        44          0          0          0          0         72   uidiv.o
        96          0          0          0          0         84   uldiv.o
        40          2          0          0          0         68   cdrcmple.o
        20          0          0          0          0         68   cfcmple.o
        20          0          0          0          0         68   cfrcmple.o
        56          0          0          0          0         68   d2f.o
       360          6          0          0          0        140   dadd.o
       240          6          0          0          0         84   ddiv.o
       236          0          0          0          0        216   depilogue.o
        64         10          0          0          0         68   dfixul.o
        28          4          0          0          0         68   dfltui.o
       208          6          0          0          0         88   dmul.o
        40          0          0          0          0         60   f2d.o
       130          0          0          0          0        144   fepilogue.o

    ----------------------------------------------------------------------
      4088        144          0          0          0       2140   Library Totals
         2          0          0          0          0          0   (incl. Padding)

    ----------------------------------------------------------------------

      Code (inc. data)   RO Data    RW Data    ZI Data      Debug   Library Name

      2644        110          0          0          0       1000   mc_p.l
      1442         34          0          0          0       1140   mf_p.l

    ----------------------------------------------------------------------
      4088        144          0          0          0       2140   Library Totals

    ----------------------------------------------------------------------

==============================================================================


      Code (inc. data)   RO Data    RW Data    ZI Data      Debug   

      7524        414      17128          8       1536      20054   Grand Totals
      7524        414      17128          8       1536      20054   ELF Image Totals
      7524        414      17128          8          0          0   ROM Totals

==============================================================================

    Total RO  Size (Code + RO Data)                24652 (  24.07kB)
    Total RW  Size (RW Data + ZI Data)              1544 (   1.51kB)
    Total ROM Size (Code + RO Data + RW Data)      24660 (  24.08kB)

==============================================================================

