Component: ARM Compiler 5.06 update 7 (build 960) Tool: armlink [4d3601]

==============================================================================

Section Cross References

    main.o(.text) refers to switches.o(.text) for Init_Switches
    main.o(.text) refers to leds.o(.text) for Init_RGB_LEDs
    main.o(.text) refers to lcd_4bit.o(.text) for lcd_clear
    startup_mkl25z4.o(RESET) refers to startup_mkl25z4.o(STACK) for __initial_sp
    startup_mkl25z4.o(RESET) refers to startup_mkl25z4.o(.text) for Reset_Handler
    startup_mkl25z4.o(.text) refers to system_mkl25z4.o(.text) for SystemInit
    startup_mkl25z4.o(.text) refers to entry.o(.ARM.Collect$$$$00000000) for __main
    system_mkl25z4.o(.text) refers to uidiv.o(.text) for __aeabi_uidivmod
    system_mkl25z4.o(.text) refers to system_mkl25z4.o(i.__ARM_common_switch8) for __ARM_common_switch8
    system_mkl25z4.o(.text) refers to system_mkl25z4.o(.data) for .data
    entry.o(.ARM.Collect$$$$00000000) refers (Special) to entry10a.o(.ARM.Collect$$$$0000000F) for __rt_final_cpp
    entry.o(.ARM.Collect$$$$00000000) refers (Special) to entry11a.o(.ARM.Collect$$$$00000011) for __rt_final_exit
    entry.o(.ARM.Collect$$$$00000000) refers (Special) to entry12b.o(.ARM.Collect$$$$0000000E) for __rt_lib_shutdown_fini
    entry.o(.ARM.Collect$$$$00000000) refers (Special) to entry7b.o(.ARM.Collect$$$$00000008) for _main_clock
    entry.o(.ARM.Collect$$$$00000000) refers (Special) to entry8b.o(.ARM.Collect$$$$0000000A) for _main_cpp_init
    entry.o(.ARM.Collect$$$$00000000) refers (Special) to entry9a.o(.ARM.Collect$$$$0000000B) for _main_init
    entry.o(.ARM.Collect$$$$00000000) refers (Special) to entry5.o(.ARM.Collect$$$$00000004) for _main_scatterload
    entry.o(.ARM.Collect$$$$00000000) refers (Special) to entry2.o(.ARM.Collect$$$$00000001) for _main_stk
    entry2.o(.ARM.Collect$$$$00000001) refers to entry2.o(.ARM.Collect$$$$00002712) for __lit__00000000
    entry2.o(.ARM.Collect$$$$00002712) refers to startup_mkl25z4.o(STACK) for __initial_sp
    entry2.o(__vectab_stack_and_reset_area) refers to startup_mkl25z4.o(STACK) for __initial_sp
    entry2.o(__vectab_stack_and_reset_area) refers to entry.o(.ARM.Collect$$$$00000000) for __main
    entry5.o(.ARM.Collect$$$$00000004) refers to init.o(.text) for __scatterload
    entry9a.o(.ARM.Collect$$$$0000000B) refers to main.o(.text) for main
    entry9b.o(.ARM.Collect$$$$0000000C) refers to main.o(.text) for main
    init.o(.text) refers to entry5.o(.ARM.Collect$$$$00000004) for __main_after_scatterload


==============================================================================

Removing Unused input sections from the image.

    Removing lcd_4bit.o(.rev16_text), (4 bytes).
    Removing lcd_4bit.o(.revsh_text), (4 bytes).
    Removing main.o(.rev16_text), (4 bytes).
    Removing main.o(.revsh_text), (4 bytes).
    Removing switches.o(.rev16_text), (4 bytes).
    Removing switches.o(.revsh_text), (4 bytes).
    Removing leds.o(.rev16_text), (4 bytes).
    Removing leds.o(.revsh_text), (4 bytes).
    Removing delay.o(.rev16_text), (4 bytes).
    Removing delay.o(.revsh_text), (4 bytes).
    Removing delay.o(.text), (24 bytes).
    Removing startup_mkl25z4.o(HEAP), (0 bytes).
    Removing system_mkl25z4.o(.rev16_text), (4 bytes).
    Removing system_mkl25z4.o(.revsh_text), (4 bytes).

14 unused section(s) (total 72 bytes) removed from the image.

==============================================================================

Image Symbol Table

    Local Symbols

    Symbol Name                              Value     Ov Type        Size  Object(Section)

    RESET                                    0x00000000   Section      192  startup_mkl25z4.o(RESET)
    ../clib/microlib/division.c              0x00000000   Number         0  uidiv.o ABSOLUTE
    ../clib/microlib/init/entry.s            0x00000000   Number         0  entry5.o ABSOLUTE
    ../clib/microlib/init/entry.s            0x00000000   Number         0  entry7a.o ABSOLUTE
    ../clib/microlib/init/entry.s            0x00000000   Number         0  entry8a.o ABSOLUTE
    ../clib/microlib/init/entry.s            0x00000000   Number         0  entry8b.o ABSOLUTE
    ../clib/microlib/init/entry.s            0x00000000   Number         0  entry9a.o ABSOLUTE
    ../clib/microlib/init/entry.s            0x00000000   Number         0  entry9b.o ABSOLUTE
    ../clib/microlib/init/entry.s            0x00000000   Number         0  entry10a.o ABSOLUTE
    ../clib/microlib/init/entry.s            0x00000000   Number         0  entry7b.o ABSOLUTE
    ../clib/microlib/init/entry.s            0x00000000   Number         0  entry2.o ABSOLUTE
    ../clib/microlib/init/entry.s            0x00000000   Number         0  entry10b.o ABSOLUTE
    ../clib/microlib/init/entry.s            0x00000000   Number         0  entry.o ABSOLUTE
    ../clib/microlib/init/entry.s            0x00000000   Number         0  entry11a.o ABSOLUTE
    ../clib/microlib/init/entry.s            0x00000000   Number         0  entry11b.o ABSOLUTE
    ../clib/microlib/init/entry.s            0x00000000   Number         0  entry12a.o ABSOLUTE
    ../clib/microlib/init/entry.s            0x00000000   Number         0  entry12b.o ABSOLUTE
    RTE\Device\MKL25Z128xxx4\startup_MKL25Z4.s 0x00000000   Number         0  startup_mkl25z4.o ABSOLUTE
    RTE\Device\MKL25Z128xxx4\system_MKL25Z4.c 0x00000000   Number         0  system_mkl25z4.o ABSOLUTE
    RTE\\Device\\MKL25Z128xxx4\\system_MKL25Z4.c 0x00000000   Number         0  system_mkl25z4.o ABSOLUTE
    dc.s                                     0x00000000   Number         0  dc.o ABSOLUTE
    handlers.s                               0x00000000   Number         0  handlers.o ABSOLUTE
    init.s                                   0x00000000   Number         0  init.o ABSOLUTE
    src\LCD_4bit.c                           0x00000000   Number         0  lcd_4bit.o ABSOLUTE
    src\LEDs.c                               0x00000000   Number         0  leds.o ABSOLUTE
    src\\LCD_4bit.c                          0x00000000   Number         0  lcd_4bit.o ABSOLUTE
    src\\LEDs.c                              0x00000000   Number         0  leds.o ABSOLUTE
    src\\delay.c                             0x00000000   Number         0  delay.o ABSOLUTE
    src\\main.c                              0x00000000   Number         0  main.o ABSOLUTE
    src\\switches.c                          0x00000000   Number         0  switches.o ABSOLUTE
    src\delay.c                              0x00000000   Number         0  delay.o ABSOLUTE
    src\main.c                               0x00000000   Number         0  main.o ABSOLUTE
    src\switches.c                           0x00000000   Number         0  switches.o ABSOLUTE
    .ARM.Collect$$$$00000000                 0x000000c0   Section        0  entry.o(.ARM.Collect$$$$00000000)
    .ARM.Collect$$$$00000001                 0x000000c0   Section        4  entry2.o(.ARM.Collect$$$$00000001)
    .ARM.Collect$$$$00000004                 0x000000c4   Section        4  entry5.o(.ARM.Collect$$$$00000004)
    .ARM.Collect$$$$00000008                 0x000000c8   Section        0  entry7b.o(.ARM.Collect$$$$00000008)
    .ARM.Collect$$$$0000000A                 0x000000c8   Section        0  entry8b.o(.ARM.Collect$$$$0000000A)
    .ARM.Collect$$$$0000000B                 0x000000c8   Section        8  entry9a.o(.ARM.Collect$$$$0000000B)
    .ARM.Collect$$$$0000000E                 0x000000d0   Section        4  entry12b.o(.ARM.Collect$$$$0000000E)
    .ARM.Collect$$$$0000000F                 0x000000d4   Section        0  entry10a.o(.ARM.Collect$$$$0000000F)
    .ARM.Collect$$$$00000011                 0x000000d4   Section        0  entry11a.o(.ARM.Collect$$$$00000011)
    .ARM.Collect$$$$00002712                 0x000000d4   Section        4  entry2.o(.ARM.Collect$$$$00002712)
    __lit__00000000                          0x000000d4   Data           4  entry2.o(.ARM.Collect$$$$00002712)
    .text                                    0x000000d8   Section        0  lcd_4bit.o(.text)
    delay_us                                 0x000002fb   Thumb Code    18  lcd_4bit.o(.text)
    .text                                    0x00000318   Section        0  main.o(.text)
    .text                                    0x000003c4   Section       40  startup_mkl25z4.o(.text)
    i.__scatterload_copy                     0x000003ec   Section       14  handlers.o(i.__scatterload_copy)
    i.__scatterload_null                     0x000003fa   Section        2  handlers.o(i.__scatterload_null)
    .ARM.__at_0x400                          0x00000400   Section       16  startup_mkl25z4.o(.ARM.__at_0x400)
    .text                                    0x00000410   Section        0  switches.o(.text)
    .text                                    0x00000458   Section        0  leds.o(.text)
    .text                                    0x000004f0   Section        0  system_mkl25z4.o(.text)
    .text                                    0x000006f0   Section        0  uidiv.o(.text)
    .text                                    0x0000071c   Section       36  init.o(.text)
    i.__ARM_common_switch8                   0x00000740   Section        0  system_mkl25z4.o(i.__ARM_common_switch8)
    i.__scatterload_zeroinit                 0x0000075a   Section       14  handlers.o(i.__scatterload_zeroinit)
    .data                                    0x1ffff000   Section        4  system_mkl25z4.o(.data)
    STACK                                    0x1ffff008   Section      256  startup_mkl25z4.o(STACK)

    Global Symbols

    Symbol Name                              Value     Ov Type        Size  Object(Section)

    BuildAttributes$$THM_ISAv3M$S$PE$A:L22$X:L11$S22$IEEE1$IW$USESV6$~STKCKD$USESV7$~SHL$OSPACE$EBA8$MICROLIB$REQ8$PRES8$EABIv2 0x00000000   Number         0  anon$$obj.o ABSOLUTE
    __ARM_use_no_argv                        0x00000000   Number         0  main.o ABSOLUTE
    __Vectors                                0x00000000   Data           4  startup_mkl25z4.o(RESET)
    __arm_fini_                               - Undefined Weak Reference
    __cpp_initialize__aeabi_                  - Undefined Weak Reference
    __cxa_finalize                            - Undefined Weak Reference
    __decompress                              - Undefined Weak Reference
    _clock_init                               - Undefined Weak Reference
    _microlib_exit                            - Undefined Weak Reference
    __Vectors_End                            0x000000c0   Data           0  startup_mkl25z4.o(RESET)
    __Vectors_Size                           0x000000c0   Number         0  startup_mkl25z4.o ABSOLUTE
    __main                                   0x000000c1   Thumb Code     0  entry.o(.ARM.Collect$$$$00000000)
    _main_stk                                0x000000c1   Thumb Code     0  entry2.o(.ARM.Collect$$$$00000001)
    _main_scatterload                        0x000000c5   Thumb Code     0  entry5.o(.ARM.Collect$$$$00000004)
    __main_after_scatterload                 0x000000c9   Thumb Code     0  entry5.o(.ARM.Collect$$$$00000004)
    _main_clock                              0x000000c9   Thumb Code     0  entry7b.o(.ARM.Collect$$$$00000008)
    _main_cpp_init                           0x000000c9   Thumb Code     0  entry8b.o(.ARM.Collect$$$$0000000A)
    _main_init                               0x000000c9   Thumb Code     0  entry9a.o(.ARM.Collect$$$$0000000B)
    __rt_lib_shutdown_fini                   0x000000d1   Thumb Code     0  entry12b.o(.ARM.Collect$$$$0000000E)
    __rt_final_cpp                           0x000000d5   Thumb Code     0  entry10a.o(.ARM.Collect$$$$0000000F)
    __rt_final_exit                          0x000000d5   Thumb Code     0  entry11a.o(.ARM.Collect$$$$00000011)
    lcd_set_data                             0x000000d9   Thumb Code    60  lcd_4bit.o(.text)
    lcd_get_data                             0x00000115   Thumb Code    44  lcd_4bit.o(.text)
    lcd_wait_while_busy                      0x00000141   Thumb Code   128  lcd_4bit.o(.text)
    lcd_write_4bit                           0x000001c1   Thumb Code    34  lcd_4bit.o(.text)
    lcd_write_cmd                            0x000001e3   Thumb Code    30  lcd_4bit.o(.text)
    lcd_write_data                           0x00000201   Thumb Code    30  lcd_4bit.o(.text)
    lcd_init_port                            0x0000021f   Thumb Code    86  lcd_4bit.o(.text)
    lcd_init                                 0x00000275   Thumb Code    82  lcd_4bit.o(.text)
    lcd_set_cursor                           0x000002c7   Thumb Code    12  lcd_4bit.o(.text)
    lcd_clear                                0x000002d3   Thumb Code    18  lcd_4bit.o(.text)
    lcd_putchar                              0x000002e5   Thumb Code     2  lcd_4bit.o(.text)
    lcd_print                                0x000002e7   Thumb Code    20  lcd_4bit.o(.text)
    main                                     0x00000319   Thumb Code   132  main.o(.text)
    Reset_Handler                            0x000003c5   Thumb Code    12  startup_mkl25z4.o(.text)
    NMI_Handler                              0x000003d1   Thumb Code     2  startup_mkl25z4.o(.text)
    HardFault_Handler                        0x000003d3   Thumb Code     2  startup_mkl25z4.o(.text)
    SVC_Handler                              0x000003d5   Thumb Code     2  startup_mkl25z4.o(.text)
    PendSV_Handler                           0x000003d7   Thumb Code     2  startup_mkl25z4.o(.text)
    SysTick_Handler                          0x000003d9   Thumb Code     2  startup_mkl25z4.o(.text)
    ADC0_IRQHandler                          0x000003db   Thumb Code     0  startup_mkl25z4.o(.text)
    CMP0_IRQHandler                          0x000003db   Thumb Code     0  startup_mkl25z4.o(.text)
    DAC0_IRQHandler                          0x000003db   Thumb Code     0  startup_mkl25z4.o(.text)
    DMA0_IRQHandler                          0x000003db   Thumb Code     0  startup_mkl25z4.o(.text)
    DMA1_IRQHandler                          0x000003db   Thumb Code     0  startup_mkl25z4.o(.text)
    DMA2_IRQHandler                          0x000003db   Thumb Code     0  startup_mkl25z4.o(.text)
    DMA3_IRQHandler                          0x000003db   Thumb Code     0  startup_mkl25z4.o(.text)
    DefaultISR                               0x000003db   Thumb Code     0  startup_mkl25z4.o(.text)
    FTFA_IRQHandler                          0x000003db   Thumb Code     0  startup_mkl25z4.o(.text)
    I2C0_IRQHandler                          0x000003db   Thumb Code     0  startup_mkl25z4.o(.text)
    I2C1_IRQHandler                          0x000003db   Thumb Code     0  startup_mkl25z4.o(.text)
    LLWU_IRQHandler                          0x000003db   Thumb Code     0  startup_mkl25z4.o(.text)
    LPTMR0_IRQHandler                        0x000003db   Thumb Code     0  startup_mkl25z4.o(.text)
    LVD_LVW_IRQHandler                       0x000003db   Thumb Code     0  startup_mkl25z4.o(.text)
    MCG_IRQHandler                           0x000003db   Thumb Code     0  startup_mkl25z4.o(.text)
    PIT_IRQHandler                           0x000003db   Thumb Code     0  startup_mkl25z4.o(.text)
    PORTA_IRQHandler                         0x000003db   Thumb Code     0  startup_mkl25z4.o(.text)
    PORTD_IRQHandler                         0x000003db   Thumb Code     0  startup_mkl25z4.o(.text)
    RTC_IRQHandler                           0x000003db   Thumb Code     0  startup_mkl25z4.o(.text)
    RTC_Seconds_IRQHandler                   0x000003db   Thumb Code     0  startup_mkl25z4.o(.text)
    Reserved20_IRQHandler                    0x000003db   Thumb Code     0  startup_mkl25z4.o(.text)
    Reserved39_IRQHandler                    0x000003db   Thumb Code     0  startup_mkl25z4.o(.text)
    Reserved45_IRQHandler                    0x000003db   Thumb Code     0  startup_mkl25z4.o(.text)
    SPI0_IRQHandler                          0x000003db   Thumb Code     0  startup_mkl25z4.o(.text)
    SPI1_IRQHandler                          0x000003db   Thumb Code     0  startup_mkl25z4.o(.text)
    TPM0_IRQHandler                          0x000003db   Thumb Code     0  startup_mkl25z4.o(.text)
    TPM1_IRQHandler                          0x000003db   Thumb Code     0  startup_mkl25z4.o(.text)
    TPM2_IRQHandler                          0x000003db   Thumb Code     0  startup_mkl25z4.o(.text)
    TSI0_IRQHandler                          0x000003db   Thumb Code     0  startup_mkl25z4.o(.text)
    UART0_IRQHandler                         0x000003db   Thumb Code     0  startup_mkl25z4.o(.text)
    UART1_IRQHandler                         0x000003db   Thumb Code     0  startup_mkl25z4.o(.text)
    UART2_IRQHandler                         0x000003db   Thumb Code     0  startup_mkl25z4.o(.text)
    USB0_IRQHandler                          0x000003db   Thumb Code     0  startup_mkl25z4.o(.text)
    __scatterload_copy                       0x000003ed   Thumb Code    14  handlers.o(i.__scatterload_copy)
    __scatterload_null                       0x000003fb   Thumb Code     2  handlers.o(i.__scatterload_null)
    Init_Switches                            0x00000411   Thumb Code    54  switches.o(.text)
    Init_RGB_LEDs                            0x00000459   Thumb Code    84  leds.o(.text)
    Control_RGB_LEDs                         0x000004ad   Thumb Code    50  leds.o(.text)
    SystemInit                               0x000004f1   Thumb Code   186  system_mkl25z4.o(.text)
    SystemCoreClockUpdate                    0x000005ab   Thumb Code   260  system_mkl25z4.o(.text)
    __aeabi_uidiv                            0x000006f1   Thumb Code     0  uidiv.o(.text)
    __aeabi_uidivmod                         0x000006f1   Thumb Code    44  uidiv.o(.text)
    __scatterload                            0x0000071d   Thumb Code    28  init.o(.text)
    __scatterload_rt2                        0x0000071d   Thumb Code     0  init.o(.text)
    __ARM_common_switch8                     0x00000741   Thumb Code    26  system_mkl25z4.o(i.__ARM_common_switch8)
    __scatterload_zeroinit                   0x0000075b   Thumb Code    14  handlers.o(i.__scatterload_zeroinit)
    Region$$Table$$Base                      0x00000768   Number         0  anon$$obj.o(Region$$Table)
    Region$$Table$$Limit                     0x00000788   Number         0  anon$$obj.o(Region$$Table)
    SystemCoreClock                          0x1ffff000   Data           4  system_mkl25z4.o(.data)
    __initial_sp                             0x1ffff108   Data           0  startup_mkl25z4.o(STACK)



==============================================================================

Memory Map of the image

  Image Entry point : 0x000000c1

  Load Region LR_IROM1 (Base: 0x00000000, Size: 0x0000078c, Max: 0x00020000, ABSOLUTE)

    Execution Region ER_IROM1 (Exec base: 0x00000000, Load base: 0x00000000, Size: 0x00000788, Max: 0x00020000, ABSOLUTE)

    Exec Addr    Load Addr    Size         Type   Attr      Idx    E Section Name        Object

    0x00000000   0x00000000   0x000000c0   Data   RO          161    RESET               startup_mkl25z4.o
    0x000000c0   0x000000c0   0x00000000   Code   RO          203  * .ARM.Collect$$$$00000000  mc_p.l(entry.o)
    0x000000c0   0x000000c0   0x00000004   Code   RO          208    .ARM.Collect$$$$00000001  mc_p.l(entry2.o)
    0x000000c4   0x000000c4   0x00000004   Code   RO          211    .ARM.Collect$$$$00000004  mc_p.l(entry5.o)
    0x000000c8   0x000000c8   0x00000000   Code   RO          213    .ARM.Collect$$$$00000008  mc_p.l(entry7b.o)
    0x000000c8   0x000000c8   0x00000000   Code   RO          215    .ARM.Collect$$$$0000000A  mc_p.l(entry8b.o)
    0x000000c8   0x000000c8   0x00000008   Code   RO          216    .ARM.Collect$$$$0000000B  mc_p.l(entry9a.o)
    0x000000d0   0x000000d0   0x00000004   Code   RO          223    .ARM.Collect$$$$0000000E  mc_p.l(entry12b.o)
    0x000000d4   0x000000d4   0x00000000   Code   RO          218    .ARM.Collect$$$$0000000F  mc_p.l(entry10a.o)
    0x000000d4   0x000000d4   0x00000000   Code   RO          220    .ARM.Collect$$$$00000011  mc_p.l(entry11a.o)
    0x000000d4   0x000000d4   0x00000004   Code   RO          209    .ARM.Collect$$$$00002712  mc_p.l(entry2.o)
    0x000000d8   0x000000d8   0x00000240   Code   RO            3    .text               lcd_4bit.o
    0x00000318   0x00000318   0x000000ac   Code   RO           52    .text               main.o
    0x000003c4   0x000003c4   0x00000028   Code   RO          163    .text               startup_mkl25z4.o
    0x000003ec   0x000003ec   0x0000000e   Code   RO          228    i.__scatterload_copy  mc_p.l(handlers.o)
    0x000003fa   0x000003fa   0x00000002   Code   RO          229    i.__scatterload_null  mc_p.l(handlers.o)
    0x000003fc   0x000003fc   0x00000004   PAD
    0x00000400   0x00000400   0x00000010   Code   RO          162    .ARM.__at_0x400     startup_mkl25z4.o
    0x00000410   0x00000410   0x00000048   Code   RO           88    .text               switches.o
    0x00000458   0x00000458   0x00000098   Code   RO          118    .text               leds.o
    0x000004f0   0x000004f0   0x00000200   Code   RO          171    .text               system_mkl25z4.o
    0x000006f0   0x000006f0   0x0000002c   Code   RO          206    .text               mc_p.l(uidiv.o)
    0x0000071c   0x0000071c   0x00000024   Code   RO          224    .text               mc_p.l(init.o)
    0x00000740   0x00000740   0x0000001a   Code   RO          189    i.__ARM_common_switch8  system_mkl25z4.o
    0x0000075a   0x0000075a   0x0000000e   Code   RO          230    i.__scatterload_zeroinit  mc_p.l(handlers.o)
    0x00000768   0x00000768   0x00000020   Data   RO          226    Region$$Table       anon$$obj.o


    Execution Region RW_IRAM1 (Exec base: 0x1ffff000, Load base: 0x00000788, Size: 0x00000108, Max: 0x00004000, ABSOLUTE)

    Exec Addr    Load Addr    Size         Type   Attr      Idx    E Section Name        Object

    0x1ffff000   0x00000788   0x00000004   Data   RW          172    .data               system_mkl25z4.o
    0x1ffff004   0x0000078c   0x00000004   PAD
    0x1ffff008        -       0x00000100   Zero   RW          159    STACK               startup_mkl25z4.o


==============================================================================

Image component sizes


      Code (inc. data)   RO Data    RW Data    ZI Data      Debug   Object Name

       576         12          0          0          0       7900   lcd_4bit.o
       152         18          0          0          0        769   leds.o
       172         40          0          0          0        591   main.o
        56         30        192          0        256        936   startup_mkl25z4.o
        72         18          0          0          0        448   switches.o
       538         76          0          4          0       1437   system_mkl25z4.o

    ----------------------------------------------------------------------
      1566        194        224          4        260      12081   Object Totals
         0          0         32          0          0          0   (incl. Generated)
         0          0          0          0          4          0   (incl. Padding)

    ----------------------------------------------------------------------

      Code (inc. data)   RO Data    RW Data    ZI Data      Debug   Library Member Name

         0          0          0          0          0          0   entry.o
         0          0          0          0          0          0   entry10a.o
         0          0          0          0          0          0   entry11a.o
         4          0          0          0          0          0   entry12b.o
         8          4          0          0          0          0   entry2.o
         4          0          0          0          0          0   entry5.o
         0          0          0          0          0          0   entry7b.o
         0          0          0          0          0          0   entry8b.o
         8          4          0          0          0          0   entry9a.o
        30          0          0          0          0          0   handlers.o
        36          8          0          0          0         68   init.o
        44          0          0          0          0         72   uidiv.o

    ----------------------------------------------------------------------
       138         16          0          0          0        140   Library Totals
         4          0          0          0          0          0   (incl. Padding)

    ----------------------------------------------------------------------

      Code (inc. data)   RO Data    RW Data    ZI Data      Debug   Library Name

       134         16          0          0          0        140   mc_p.l

    ----------------------------------------------------------------------
       138         16          0          0          0        140   Library Totals

    ----------------------------------------------------------------------

==============================================================================


      Code (inc. data)   RO Data    RW Data    ZI Data      Debug   

      1704        210        224          4        260      12065   Grand Totals
      1704        210        224          4        260      12065   ELF Image Totals
      1704        210        224          4          0          0   ROM Totals

==============================================================================

    Total RO  Size (Code + RO Data)                 1928 (   1.88kB)
    Total RW  Size (RW Data + ZI Data)               264 (   0.26kB)
    Total ROM Size (Code + RO Data + RW Data)       1932 (   1.89kB)

==============================================================================

